Input Dirac increment:
- Valid time: 2010-01-01T12:00:00Z
  Geometry: F15 [1800]
  Fields:
    eastward_wind: 1.0000000000000000e+00
    northward_wind: 0.0000000000000000e+00
Adjoint test for block spectral to gauss passed
Adjoint test for block spectral covariance passed
Covariance(SABER) diagnostics:
- Variances at Dirac points:
  + Value for variable eastward_wind, subwindow 0, at (longitude, latitude, vertical index) point (0.00000, -2.95042, 1): 1.2843501075304320e-01
- Covariances at diagnostic points:
  + Value for variable eastward_wind, subwindow 0, at (longitude, latitude, vertical index) point (18.00000, 20.65284, 2): 3.1173377011171153e-03
  + Value for variable northward_wind, subwindow 0, at (longitude, latitude, vertical index) point (18.00000, 20.65284, 2): -5.4373743887613495e-04
Covariance(SABER) * Increment:
- Valid time: 2010-01-01T12:00:00Z
  Geometry: F15 [1800]
  Fields:
    eastward_wind: 6.9221465405261329e-01
    northward_wind: 2.2511716006873311e-01
