Input Dirac increment:
Valid time:2010-01-01T12:00:00Z
Quench geometry grid:
- name: F10
- size: 800
Partitioner:
- type: equal_regions
Function space:
- type: StructuredColumns
- halo: 0
Groups: 
- Group 0:
  Vertical levels: 
  - number: 2
  - vert_coord: [1.0000000000000000e+00,2.0000000000000000e+00]
  Mask size: 100%
Fields:
  stream_function: 1.0000000000000000e+00
  velocity_potential: 0.0000000000000000e+00
Valid time:2010-01-01T18:00:00Z
Quench geometry grid:
- name: F10
- size: 800
Partitioner:
- type: equal_regions
Function space:
- type: StructuredColumns
- halo: 0
Groups: 
- Group 0:
  Vertical levels: 
  - number: 2
  - vert_coord: [1.0000000000000000e+00,2.0000000000000000e+00]
  Mask size: 100%
Fields:
  stream_function: 0.0000000000000000e+00
  velocity_potential: 0.0000000000000000e+00
Covariance(SABER) diagnostics:
- Variances at Dirac points:
  + Value for variable stream_function, subwindow 0, at (longitude, latitude, vertical index) point (0.00000, -4.38894, 1): 1.0000000000000000e+00
- Covariances at diagnostic points:
  + Value for variable stream_function, subwindow 0, at (longitude, latitude, vertical index) point (9.00000, -4.38894, 1): 0.0000000000000000e+00
  + Value for variable stream_function, subwindow 1, at (longitude, latitude, vertical index) point (0.00000, -4.38894, 1): 0.0000000000000000e+00
  + Value for variable stream_function, subwindow 1, at (longitude, latitude, vertical index) point (9.00000, -4.38894, 1): 0.0000000000000000e+00
Covariance(SABER) * Increment:
Valid time:2010-01-01T12:00:00Z
Quench geometry grid:
- name: F10
- size: 800
Partitioner:
- type: equal_regions
Function space:
- type: StructuredColumns
- halo: 0
Groups: 
- Group 0:
  Vertical levels: 
  - number: 2
  - vert_coord: [1.0000000000000000e+00,2.0000000000000000e+00]
  Mask size: 100%
Fields:
  stream_function: 1.0000000000000000e+00
  velocity_potential: 0.0000000000000000e+00
Valid time:2010-01-01T18:00:00Z
Quench geometry grid:
- name: F10
- size: 800
Partitioner:
- type: equal_regions
Function space:
- type: StructuredColumns
- halo: 0
Groups: 
- Group 0:
  Vertical levels: 
  - number: 2
  - vert_coord: [1.0000000000000000e+00,2.0000000000000000e+00]
  Mask size: 100%
Fields:
  stream_function: 0.0000000000000000e+00
  velocity_potential: 0.0000000000000000e+00
Randomized variance: 
Valid time:2010-01-01T12:00:00Z
Quench geometry grid:
- name: F10
- size: 800
Partitioner:
- type: equal_regions
Function space:
- type: StructuredColumns
- halo: 0
Groups: 
- Group 0:
  Vertical levels: 
  - number: 2
  - vert_coord: [1.0000000000000000e+00,2.0000000000000000e+00]
  Mask size: 100%
Fields:
  stream_function: 4.0899866276594516e+01
  velocity_potential: 4.0616497024838942e+01
Valid time:2010-01-01T18:00:00Z
Quench geometry grid:
- name: F10
- size: 800
Partitioner:
- type: equal_regions
Function space:
- type: StructuredColumns
- halo: 0
Groups: 
- Group 0:
  Vertical levels: 
  - number: 2
  - vert_coord: [1.0000000000000000e+00,2.0000000000000000e+00]
  Mask size: 100%
Fields:
  stream_function: 4.0755241627440796e+01
  velocity_potential: 4.0392959786203996e+01
