Input Dirac increment:
- Valid time: 2010-01-01T12:00:00Z
  Geometry: L40x21 [840]
  Fields:
    air_horizontal_streamfunction: 1.0000000000000000e+00
- Valid time: 2010-01-01T18:00:00Z
  Geometry: L40x21 [840]
  Fields:
    air_horizontal_streamfunction: 0.0000000000000000e+00
Covariance(ensemble) diagnostics:
- Variances at Dirac points:
  + Value for variable air_horizontal_streamfunction, subwindow 0, at (longitude, latitude, vertical index) point (0.00000, 0.00000, 1): 1.5601961752452702e+00
- Covariances at diagnostic points:
  + Value for variable air_horizontal_streamfunction, subwindow 0, at (longitude, latitude, vertical index) point (9.00000, 0.00000, 1): 1.1708883611363763e+00
  + Value for variable air_horizontal_streamfunction, subwindow 1, at (longitude, latitude, vertical index) point (0.00000, 0.00000, 1): -4.7657919341193386e-02
  + Value for variable air_horizontal_streamfunction, subwindow 1, at (longitude, latitude, vertical index) point (9.00000, 0.00000, 1): -1.6234849286208530e-01
Covariance(ensemble) * Increment:
- Valid time: 2010-01-01T12:00:00Z
  Geometry: L40x21 [840]
  Fields:
    air_horizontal_streamfunction: 1.0001475768899484e+01
- Valid time: 2010-01-01T18:00:00Z
  Geometry: L40x21 [840]
  Fields:
    air_horizontal_streamfunction: 1.0069435422286018e+01
