Input Dirac increment:
- Valid time: 2016-01-01T16:00:00Z
  Geometry: F12 [1152]
  Fields:
    air_potential_temperature: 0.0000000000000000e+00
    dimensionless_exner_function_levels_minus_one: 0.0000000000000000e+00
    dry_air_density_levels_minus_one: 1.0000000000000000e+00
    eastward_wind: 0.0000000000000000e+00
Adjoint test for block simple vertical projection passed
Inner inverse test for block simple vertical projection passed: U Uinv (U x) == (U x)
Outer inverse test for block simple vertical projection passed: Uinv U (Uinv x) == (Uinv x)
Adjoint test for block ID passed
Covariance(SABER) * Increment:
- Valid time: 2016-01-01T16:00:00Z
  Geometry: F12 [1152]
  Fields:
    air_potential_temperature: 0.0000000000000000e+00
    dimensionless_exner_function_levels_minus_one: 0.0000000000000000e+00
    dry_air_density_levels_minus_one: 4.2426406871192848e+00
    eastward_wind: 0.0000000000000000e+00
