Input Dirac increment:
- Valid time: 2010-01-01T12:00:00Z
  Geometry: L72x46 [3312]
  Fields:
    air_horizontal_streamfunction: 2.2360679774997898e+00
    air_horizontal_velocity_potential: 0.0000000000000000e+00
    air_pressure_at_surface: 0.0000000000000000e+00
Adjoint test for block gsi interpolation to model grid passed
Adjoint test for block gsi static covariance passed
Covariance(SABER) * Increment:
- Valid time: 2010-01-01T12:00:00Z
  Geometry: L72x46 [3312]
  Fields:
    air_horizontal_streamfunction: 1.1477894674003418e+01
    air_horizontal_velocity_potential: 0.0000000000000000e+00
    air_pressure_at_surface: 0.0000000000000000e+00
