       Independent levels:  1[2]
          Subset Sc0 size:              762
          Domain area (% of Earth area): 0.100E+03%
             Level   1 ~> 100.0%
             Level   2 ~> 100.0%
             Level   1 ~>  0.100E+01 vert. coord.
             Level   2 ~>  0.200E+01 vert. coord.
          Norm of stream_function:  0.36700228E+02
          Norm of velocity_potential:  0.35353147E+02
          Norm of surface_pressure:  0.27281000E+02
          Norm of stream_function:  0.37644642E+02
          Norm of velocity_potential:  0.37381124E+02
          Norm of surface_pressure:  0.25731042E+02
          Norm of stream_function:  0.35734364E+02
          Norm of velocity_potential:  0.37185775E+02
          Norm of surface_pressure:  0.26375987E+02
          Norm of stream_function:  0.38114699E+02
          Norm of velocity_potential:  0.36980118E+02
          Norm of surface_pressure:  0.27871170E+02
          Norm of stream_function:  0.37597046E+02
          Norm of velocity_potential:  0.35291264E+02
          Norm of surface_pressure:  0.24572890E+02
          Norm of stream_function:  0.40731181E+02
          Norm of velocity_potential:  0.40443048E+02
          Norm of surface_pressure:  0.23602596E+02
          Norm of stream_function:  0.36903096E+02
          Norm of velocity_potential:  0.36253200E+02
          Norm of surface_pressure:  0.27485076E+02
          Norm of stream_function:  0.41763852E+02
          Norm of velocity_potential:  0.37787495E+02
          Norm of surface_pressure:  0.30811979E+02
          Norm of stream_function:  0.38909547E+02
          Norm of velocity_potential:  0.43195848E+02
          Norm of surface_pressure:  0.25551308E+02
          Norm of stream_function:  0.34730147E+02
          Norm of velocity_potential:  0.38276016E+02
          Norm of surface_pressure:  0.25098790E+02
          Norm of stream_function:  0.38661535E+02
          Norm of velocity_potential:  0.37981886E+02
          Norm of surface_pressure:  0.26868750E+02
          Norm of stream_function:  0.39192538E+02
          Norm of velocity_potential:  0.42395867E+02
          Norm of surface_pressure:  0.25788059E+02
          Norm of stream_function:  0.39358963E+02
          Norm of velocity_potential:  0.42576643E+02
          Norm of surface_pressure:  0.26847952E+02
          Norm of stream_function:  0.42523426E+02
          Norm of velocity_potential:  0.35248938E+02
          Norm of surface_pressure:  0.23413912E+02
          Norm of stream_function:  0.39158719E+02
          Norm of velocity_potential:  0.38750002E+02
          Norm of surface_pressure:  0.25705328E+02
          Norm of stream_function:  0.40000157E+02
          Norm of velocity_potential:  0.36719844E+02
          Norm of surface_pressure:  0.25839527E+02
          Norm of stream_function:  0.40151620E+02
          Norm of velocity_potential:  0.39539321E+02
          Norm of surface_pressure:  0.24796585E+02
          Norm of stream_function:  0.38297785E+02
          Norm of velocity_potential:  0.38710471E+02
          Norm of surface_pressure:  0.29153580E+02
          Norm of stream_function:  0.35928874E+02
          Norm of velocity_potential:  0.34006160E+02
          Norm of surface_pressure:  0.27873824E+02
          Norm of stream_function:  0.38587629E+02
          Norm of velocity_potential:  0.34331953E+02
          Norm of surface_pressure:  0.23931515E+02
          Norm of stream_function:  0.33406744E+02
          Norm of velocity_potential:  0.37961691E+02
          Norm of surface_pressure:  0.25984677E+02
          Norm of stream_function:  0.38024458E+02
          Norm of velocity_potential:  0.38811186E+02
          Norm of surface_pressure:  0.26578555E+02
          Norm of stream_function:  0.38736793E+02
          Norm of velocity_potential:  0.39079484E+02
          Norm of surface_pressure:  0.28975321E+02
          Norm of stream_function:  0.39699423E+02
          Norm of velocity_potential:  0.35954315E+02
          Norm of surface_pressure:  0.26515219E+02
          Norm of stream_function:  0.39157311E+02
          Norm of velocity_potential:  0.35991108E+02
          Norm of surface_pressure:  0.27732166E+02
          Level   1 ~> 100.0%
          Level   2 ~> 100.0%
          Profile A computed at lon/lat:    0.0 /    0.0
          Profile B computed at lon/lat:  -18.0 /   54.0
          Profile C computed at lon/lat: -126.0 /  -63.0
          Decimate full grid, at least      500 points required,     762 valid points found
          Subgrid hash:   -130003308
          Decimate full grid, at least      247 points required,     759 valid points found
          Subgrid hash:  -1105131703
             -90.00 deg.  ~>100-100- 2-100-100-100-100-99-100-100 
             -45.00 deg.  ~>100-33-99-100-100-100-100-99-100-100 
               0.00 deg.  ~>100-100-91-68-100-100-100-91-100-100 
              45.00 deg.  ~>100-33-99-100-100-100-100-99-100-100 
             -90.00 deg.  ~>100-100- 2-100-100-100-100-99-100-100 
             -45.00 deg.  ~>100-33-99-100-100-100-100-99-100-100 
               0.00 deg.  ~>100-100-91-68-100-100-100-91-100-100 
              45.00 deg.  ~>100-33-99-100-100-100-100-99-100-100 
          nc1 =      500
          nc2 =      250
          Independent levels:  1[2]
          Independent levels for angular sector   1 / class   1:  1[2]
          Independent levels for angular sector   1 / class   2:  1[2]
          Independent levels for angular sector   1 / class   3:  1[2]
          Independent levels for angular sector   1 / class   4:  1[2]
          Independent levels for angular sector   1 / class   5:  1[2]
          Independent levels for angular sector   1 / class   6:  1[2]
          Independent levels for angular sector   1 / class   7:  1[2]
          Independent levels for angular sector   1 / class   8:  1[2]
          Independent levels for angular sector   1 / class   9:  1[2]
          Independent levels for angular sector   1 / class  10:  1[2]
          Independent levels for angular sector   2 / class   1:  1[2]
          Independent levels for angular sector   2 / class   2:  1[2]
          Independent levels for angular sector   2 / class   3:  1[2]
          Independent levels for angular sector   2 / class   4:  1[2]
          Independent levels for angular sector   2 / class   5:  1[2]
          Independent levels for angular sector   2 / class   6:  1[2]
          Independent levels for angular sector   2 / class   7:  1[2]
          Independent levels for angular sector   2 / class   8:  1[2]
          Independent levels for angular sector   2 / class   9:  1[2]
          Independent levels for angular sector   2 / class  10:  1[2]
          Independent levels for angular sector   3 / class   1:  1[2]
          Independent levels for angular sector   3 / class   2:  1[2]
          Independent levels for angular sector   3 / class   3:  1[2]
          Independent levels for angular sector   3 / class   4:  1[2]
          Independent levels for angular sector   3 / class   5:  1[2]
          Independent levels for angular sector   3 / class   6:  1[2]
          Independent levels for angular sector   3 / class   7:  1[2]
          Independent levels for angular sector   3 / class   8:  1[2]
          Independent levels for angular sector   3 / class   9:  1[2]
          Independent levels for angular sector   3 / class  10:  1[2]
          Independent levels for angular sector   4 / class   1:  1[2]
          Independent levels for angular sector   4 / class   2:  1[2]
          Independent levels for angular sector   4 / class   3:  1[2]
          Independent levels for angular sector   4 / class   4:  1[2]
          Independent levels for angular sector   4 / class   5:  1[2]
          Independent levels for angular sector   4 / class   6:  1[2]
          Independent levels for angular sector   4 / class   7:  1[2]
          Independent levels for angular sector   4 / class   8:  1[2]
          Independent levels for angular sector   4 / class   9:  1[2]
          Independent levels for angular sector   4 / class  10:  1[2]
                Level:   1 ~> cov. at class zero:  0.99E+00
                Level:   2 ~> cov. at class zero:  0.10E+01
                Level:   1 ~> cov. at class zero:  0.98E+00
                Level:   2 ~> cov. at class zero:  0.10E+01
                Level:   1 ~> cov. at class zero:  0.97E+00
             Block stream_function:  0.35222745E+00 for    37356 diagnostic points
             Block velocity_potential:  0.35633248E+00 for    37356 diagnostic points
             Block surface_pressure:  0.35348172E+00 for     9339 diagnostic points
                   Level:   1 ~> amplitude:        0.72
                                 cor. hor. support:      4127.47 km
                                 cor. ver. support:         4.94 vertical units
                   Level:   2 ~> amplitude:        0.71
                                 cor. hor. support:      4342.56 km
                                 cor. ver. support:         5.22 vertical units
                   Level:   1 ~> amplitude:        0.28
                                 cor. hor. support:      2321.05 km
                                 cor. ver. support:         0.49 vertical units
                   Level:   2 ~> amplitude:        0.29
                                 cor. hor. support:      2442.00 km
                                 cor. ver. support:         0.52 vertical units
                   Level:   1 ~> amplitude:        0.75
                                 cor. hor. support:      4169.81 km
                                 cor. ver. support:         4.23 vertical units
                   Level:   2 ~> amplitude:        0.73
                                 cor. hor. support:      4084.55 km
                                 cor. ver. support:         4.66 vertical units
                   Level:   1 ~> amplitude:        0.25
                                 cor. hor. support:      2344.85 km
                                 cor. ver. support:         0.42 vertical units
                   Level:   2 ~> amplitude:        0.27
                                 cor. hor. support:      2296.91 km
                                 cor. ver. support:         0.47 vertical units
                   Level:   1 ~> amplitude:        0.71
                                 cor. hor. support:      4023.64 km
                                 cor. ver. support:         0.00 vertical units
                   Level:   1 ~> amplitude:        0.29
                                 cor. hor. support:      2262.66 km
                                 cor. ver. support:         0.00 vertical units
Norm of output parameter cor_a - 1: 5.0396040125133297e+01
Norm of output parameter cor_a - 2: 1.4828207568369887e+01
Norm of output parameter cor_rh1 - 1: 2.6086947763610739e+08
Norm of output parameter cor_rh1 - 2: 2.1731433896482170e+08
Norm of output parameter cor_rh2 - 1: 2.8559915802581137e+08
Norm of output parameter cor_rh2 - 2: 2.3633746868713146e+08
Norm of output parameter cor_rhc - 1: 8.2127897193088018e+00
Norm of output parameter cor_rhc - 2: 8.2127897193088018e+00
Norm of output parameter cor_rh - 1: 2.7059222871381104e+08
Norm of output parameter cor_rh - 2: 2.2492271687771386e+08
Norm of output parameter cor_rv - 1: 2.0695609718047137e+02
Norm of output parameter cor_rv - 2: 6.3858048248992695e+01
