       Compute independent levels:  1[2] 
          Level   1:  -1378492017
          Level   2:  -1378492017
          Model grid size:              840
          Subset Sc0 size:              762
          Number of duplicated points (halo):        78 (  9.29%)
          Min. / max. longitudes: -171.0 /   180.0
          Min. / max. latitudes:   -90.0 /    90.0
          Domain area (% of Earth area): 0.657E+02%
             Level   1 ~>  65.7%
             Level   2 ~>  65.7%
             Level   1 ~>  0.100E+01 vert. unit
             Level   2 ~>  0.200E+01 vert. unit
             Effective levels:   1   2 
                   Horizontal support radius:    1000.00 km (   1000.00 km -    1000.00 km)
                   Estimated nc1 from horizontal support radius:     6196
                   Final nc1:      501
                   Effective horizontal resolution:  1.14
                   Horizontal support radius:    1000.00 km (   1000.00 km -    1000.00 km)
                   Estimated nc1 from horizontal support radius:     6196
                   Final nc1:      501
                   Effective horizontal resolution:  1.14
             nc1(  1) =        501
             nc1(  2) =        501
             ns =             1002
           -81.0 /   63.0:  1.0000000
          Level   1:  0.0000000 -  1.0000000
          Level   2:  0.0000000 -  0.6000000
