       Independent levels:  1[2]
          Subset Sc0 size:              762
          Domain area (% of Earth area): 0.100E+03%
             Level   1 ~> 100.0%
             Level   2 ~> 100.0%
             Level   1 ~>  0.100E+01 vert. coord.
             Level   2 ~>  0.200E+01 vert. coord.
          Level   1 ~> 100.0%
          Level   2 ~> 100.0%
          Decimate full grid, at least      500 points required,     762 valid points found
          Subgrid hash:   -130003308
             -90.00 deg.  ~>100-100- 2-100-100-100-100-99-100-100 
             -45.00 deg.  ~>100-33-99-100-100-100-100-99-100-100 
               0.00 deg.  ~>100-100-91-68-100-100-100-91-100-100 
              45.00 deg.  ~>100-33-99-100-100-100-100-99-100-100 
             -90.00 deg.  ~>100-100- 2-100-100-100-100-99-100-100 
             -45.00 deg.  ~>100-33-99-100-100-100-100-99-100-100 
               0.00 deg.  ~>100-100-91-68-100-100-100-91-100-100 
              45.00 deg.  ~>100-33-99-100-100-100-100-99-100-100 
          nc1 =      500
          nc2 =      250
          Independent levels:  1[2]
          Independent levels for angular sector   1 / class   1:  1[2]
          Independent levels for angular sector   1 / class   2:  1[2]
          Independent levels for angular sector   1 / class   3:  1[2]
          Independent levels for angular sector   1 / class   4:  1[2]
          Independent levels for angular sector   1 / class   5:  1[2]
          Independent levels for angular sector   1 / class   6:  1[2]
          Independent levels for angular sector   1 / class   7:  1[2]
          Independent levels for angular sector   1 / class   8:  1[2]
          Independent levels for angular sector   1 / class   9:  1[2]
          Independent levels for angular sector   1 / class  10:  1[2]
          Independent levels for angular sector   2 / class   1:  1[2]
          Independent levels for angular sector   2 / class   2:  1[2]
          Independent levels for angular sector   2 / class   3:  1[2]
          Independent levels for angular sector   2 / class   4:  1[2]
          Independent levels for angular sector   2 / class   5:  1[2]
          Independent levels for angular sector   2 / class   6:  1[2]
          Independent levels for angular sector   2 / class   7:  1[2]
          Independent levels for angular sector   2 / class   8:  1[2]
          Independent levels for angular sector   2 / class   9:  1[2]
          Independent levels for angular sector   2 / class  10:  1[2]
          Independent levels for angular sector   3 / class   1:  1[2]
          Independent levels for angular sector   3 / class   2:  1[2]
          Independent levels for angular sector   3 / class   3:  1[2]
          Independent levels for angular sector   3 / class   4:  1[2]
          Independent levels for angular sector   3 / class   5:  1[2]
          Independent levels for angular sector   3 / class   6:  1[2]
          Independent levels for angular sector   3 / class   7:  1[2]
          Independent levels for angular sector   3 / class   8:  1[2]
          Independent levels for angular sector   3 / class   9:  1[2]
          Independent levels for angular sector   3 / class  10:  1[2]
          Independent levels for angular sector   4 / class   1:  1[2]
          Independent levels for angular sector   4 / class   2:  1[2]
          Independent levels for angular sector   4 / class   3:  1[2]
          Independent levels for angular sector   4 / class   4:  1[2]
          Independent levels for angular sector   4 / class   5:  1[2]
          Independent levels for angular sector   4 / class   6:  1[2]
          Independent levels for angular sector   4 / class   7:  1[2]
          Independent levels for angular sector   4 / class   8:  1[2]
          Independent levels for angular sector   4 / class   9:  1[2]
          Independent levels for angular sector   4 / class  10:  1[2]
                Level:   1 ~> cov. at class zero:  0.98E+00
                Level:   2 ~> cov. at class zero:  0.10E+01
             Block common:  0.18288189E+00 for    38768 diagnostic points
                   Level:   1 ~> amplitude:        0.76
                                 cor. hor. support:      4040.34 km
                                 cor. ver. support:         4.63 vertical units
                   Level:   2 ~> amplitude:        0.73
                                 cor. hor. support:      4066.59 km
                                 cor. ver. support:         5.07 vertical units
                   Level:   1 ~> amplitude:        0.24
                                 cor. hor. support:      2272.05 km
                                 cor. ver. support:         0.46 vertical units
                   Level:   2 ~> amplitude:        0.27
                                 cor. hor. support:      2286.81 km
                                 cor. ver. support:         0.51 vertical units
             Block common:  0.33308326E+00 for    32552 diagnostic points
                Level:   1 ~> loc. at class zero:       0.92
                Level:   2 ~> loc. at class zero:       0.92
                   Level:   1 ~> amplitude:        1.00
                                 loc. hor. support:      5543.66 km
                                 loc. ver. support:         6.05 vertical units
                   Level:   2 ~> amplitude:        1.00
                                 loc. hor. support:      5382.10 km
                                 loc. ver. support:         6.05 vertical units
                   Level:   1 ~> amplitude:        0.00
                                 loc. hor. support:      5543.66 km
                                 loc. ver. support:         6.05 vertical units
                   Level:   2 ~> amplitude:        0.00
                                 loc. hor. support:      5382.10 km
                                 loc. ver. support:         6.05 vertical units
Norm of output parameter loc_a - 1: 5.7965506984757752e+01
Norm of output parameter loc_a - 2: 0.0000000000000000e+00
Norm of output parameter loc_rh1 - 1: 3.7223169496152741e+08
Norm of output parameter loc_rh1 - 2: 3.5661743729671073e+08
Norm of output parameter loc_rh2 - 1: 3.5174328525968367e+08
Norm of output parameter loc_rh2 - 2: 3.3975339849065048e+08
Norm of output parameter loc_rhc - 1: 1.0498589248437069e+01
Norm of output parameter loc_rhc - 2: 1.0498589248437069e+01
Norm of output parameter loc_rh - 1: 3.5396976920451140e+08
Norm of output parameter loc_rh - 2: 3.4158324786085582e+08
Norm of output parameter loc_rv - 1: 3.5609973483845113e+02
Norm of output parameter loc_rv - 2: 3.3453969181853876e+02
