Input Dirac increment:
- Valid time: 2010-01-01T12:00:00Z
  Geometry: structured [3723]
  Fields:
  - geographical_x_wind (10 levels):
    + min    = 0.0000000000000000e+00
    + max    = 0.0000000000000000e+00
  - geographical_y_wind (10 levels):
    + min    = 0.0000000000000000e+00
    + max    = 0.0000000000000000e+00
  - air_temperature (10 levels):
    + min    = 0.0000000000000000e+00
    + max    = 1.0000000000000000e+00
    + mean   = 2.6860059092130003e-05
    + stddev = 5.1826691088793144e-03
  - log_of_air_pressure_at_surface (1 levels):
    + min    = 0.0000000000000000e+00
    + max    = 0.0000000000000000e+00
  - water_vapor_mixing_ratio_wrt_moist_air (10 levels):
    + min    = 0.0000000000000000e+00
    + max    = 0.0000000000000000e+00
- Regional grid size: 73x51
- Cell sizes: 2.5000000000000000e+00 km x 2.5000000000000000e+00 km
- Mean latitude: 5.6289831946322792e+01 deg
- Spectral sizes: 37x26
- Truncation parameters MxN: 36x25
- Maximum total wave number: 36
- Spectral array global size: 2815
- Direct-inverse test passed
- Inverse-direct test passed
- Parseval identity test passed
- Adjoint test (forward) passed
- Adjoint test (inverse) passed
- Derivatives / direct Laplacian consistency test passed
- xspace: LocalConfiguration[root={type => linear , start => 5.1870971254055749e+05 , end => 6.9870971254055749e+05 , N => 73 , endpoint => true}]
- yspace: LocalConfiguration[root={type => linear , start => -1.8673080099392682e+04 , end => 1.0632691990060732e+05 , N => 51 , endpoint => true}]
Outer grid size: 3723
Adjoint test for block BifourierSpectralVorDivToGridWind passed
Inner inverse test for block BifourierSpectralVorDivToGridWind passed: U Uinv (U x) == (U x)
Outer inverse test for block BifourierSpectralVorDivToGridWind passed: Uinv U (Uinv x) == (Uinv x)
Regression norms: 
- air_horizontal_divergence from balanced_air_pressure: 2.1984270698582196e-02
- air_temperature_and_log_of_air_pressure_at_surface from balanced_air_pressure: 2.3160116556805383e+02
- air_temperature_and_log_of_air_pressure_at_surface from air_horizontal_divergence: 2.9068109123170441e+06
- water_vapor_mixing_ratio_wrt_moist_air from balanced_air_pressure: 1.5297262389715954e-01
- water_vapor_mixing_ratio_wrt_moist_air from air_horizontal_divergence: 9.0531771975696972e+02
- water_vapor_mixing_ratio_wrt_moist_air from air_temperature_and_log_of_air_pressure_at_surface: 8.1841884053183414e+00
Adjoint test for block BifourierAromeBalance passed
Inner inverse test for block BifourierAromeBalance passed: U Uinv (U x) == (U x)
Outer inverse test for block BifourierAromeBalance passed: Uinv U (Uinv x) == (Uinv x)
Covariance norms: 
- air_upward_absolute_vorticity: 
  + correlation square-root: 1.9176283531418409e-01
  + standard-deviation:      6.5103419499988827e-05
- air_horizontal_divergence: 
  + correlation square-root: 1.8248058914672874e-01
  + standard-deviation:      5.6790773478040396e-05
- water_vapor_mixing_ratio_wrt_moist_air: 
  + correlation square-root: 3.4048375883165960e-01
  + standard-deviation:      5.1345026853487179e-04
- air_temperature_and_log_of_air_pressure_at_surface: 
  + correlation square-root: 4.5748843246329868e-01
  + standard-deviation:      8.5213486042750353e-01
Adjoint test for block BifourierCovariance passed
Square-root test for block BifourierCovariance passed
Covariance(SABER) * Increment:
- Valid time: 2010-01-01T12:00:00Z
  Geometry: structured [3723]
  Fields:
  - geographical_x_wind (10 levels):
    + min    = -4.6910152921944879e-04
    + max    = 4.6910154971189778e-04
    + mean   = 4.2503039547823656e-11
    + stddev = 5.7648904541724963e-05
  - geographical_y_wind (10 levels):
    + min    = -4.7294774603696201e-04
    + max    = 4.7294760333524741e-04
    + mean   = 6.6736282919805176e-11
    + stddev = 4.8757312116061723e-05
  - air_temperature (10 levels):
    + min    = -4.2199976934812885e-03
    + max    = 8.1605854489469429e-02
    + mean   = 1.5255536192051178e-04
    + stddev = 2.6949717445765541e-03
  - log_of_air_pressure_at_surface (1 levels):
    + min    = -7.2927049170897995e-06
    + max    = 1.0586156666937939e-06
    + mean   = 7.3194516715445604e-08
    + stddev = 4.5367273364785858e-07
  - water_vapor_mixing_ratio_wrt_moist_air (10 levels):
    + min    = -8.2716108064275915e-07
    + max    = 5.9767384135764493e-06
    + mean   ~ 0
    + stddev = 2.8274030576314328e-07
