       Independent levels:  1[2] 
          Level   1:   1550418632
          Level   2:   1550418632
          Model grid size:              840
          Subset Sc0 size:              762
          Number of duplicated points (halo):        78 (  9.29%)
          Min. / max. longitudes: -171.0 /   180.0
          Min. / max. latitudes:   -90.0 /    90.0
          Domain area (% of Earth area): 0.100E+03%
             Level   1 ~> 100.0%
             Level   2 ~> 100.0%
             Level   1 ~>  0.100E+01 vert. unit
             Level   2 ~>  0.200E+01 vert. unit
   Norm of var1:  0.36903538E+04
   Norm of var1:  0.28981127E+04
   Norm of var1:  0.30751981E+04
   Norm of var1:  0.25979854E+04
   Norm of var1:  0.28652678E+04
   Norm of var1:  0.30336988E+04
   Norm of var1:  0.36131282E+04
   Norm of var1:  0.34522874E+04
   Norm of var1:  0.33753894E+04
   Norm of var1:  0.33481507E+04
   Norm of var1:  0.35341185E+04
   Norm of var1:  0.29567068E+04
   Norm of var1:  0.29498175E+04
   Norm of var1:  0.28381796E+04
   Norm of var1:  0.31740765E+04
   Norm of var1:  0.32296502E+04
   Norm of var1:  0.32743750E+04
   Norm of var1:  0.32647027E+04
   Norm of var1:  0.31536460E+04
   Norm of var1:  0.27848201E+04
   Norm of var1:  0.26527988E+04
   Norm of var1:  0.36091276E+04
   Norm of var1:  0.28688881E+04
   Norm of var1:  0.30889359E+04
   Norm of var1:  0.26764056E+01
       Save ensemble for     41 points total
          Level   1 ~> 100.0%
          Level   2 ~> 100.0%
             -90.00 deg.  ~>100-100-100-100-100-100-100-100-100-100 
             -90.00 deg.  ~>100-100-100-100-100-100-100-100-100-100 
          nc1 =      544
          Independent levels:  1[2] 
          Independent levels for angular sector   1 / class   1:  1[2] 
          Independent levels for angular sector   1 / class   2:  1[2] 
          Independent levels for angular sector   1 / class   3:  1[2] 
          Independent levels for angular sector   1 / class   4:  1[2] 
          Independent levels for angular sector   1 / class   5:  1[2] 
          Independent levels for angular sector   1 / class   6:  1[2] 
          Independent levels for angular sector   1 / class   7:  1[2] 
          Independent levels for angular sector   1 / class   8:  1[2] 
          Independent levels for angular sector   1 / class   9:  1[2] 
          Independent levels for angular sector   1 / class  10:  1[2] 
                Level:   1 ~> cov. at class zero:  0.10E+01
                Level:   2 ~> cov. at class zero:  0.10E+01
             Block var1-var1:  0.14027083E+00 for       40 diagnostic points
                Level:   1 ~> cor. at class zero:        1.00
                Level:   2 ~> cor. at class zero:        1.00
                   Level:   1 ~> amplitude:        1.00
                                 cor. hor. support:      3651.67 km
                                 cor. ver. support:         3.27 vertical units
                   Level:   2 ~> amplitude:        1.00
                                 cor. hor. support:      3664.85 km
                                 cor. ver. support:         3.27 vertical units
Norm of BUMP output parameter norm_m2 - 1: 4.1509008724597543e+01
Norm of BUMP output parameter norm_m4 - 1: 1.3425640007237823e+02
Norm of BUMP output parameter norm_kurt - 1: 1.0141761227466800e+02
