Input Dirac increment:
- Valid time: 2010-01-01T12:00:00Z
  Geometry: structured [3848]
  Fields:
  - geographical_x_wind (10 levels):
    + min    = 0.0000000000000000e+00
    + max    = 0.0000000000000000e+00
  - geographical_y_wind (10 levels):
    + min    = 0.0000000000000000e+00
    + max    = 0.0000000000000000e+00
  - air_temperature (10 levels):
    + min close to zero
    + max    = 1.0000000000000000e+00
    + mean   = 2.5987525987525989e-05
    + stddev = 5.0977961892907644e-03
  - log_of_air_pressure_at_surface (1 levels):
    + min    = 0.0000000000000000e+00
    + max    = 0.0000000000000000e+00
  - water_vapor_mixing_ratio_wrt_moist_air (10 levels):
    + min    = 0.0000000000000000e+00
    + max    = 0.0000000000000000e+00
- Regional grid size: 74x52
- Cell sizes: 2.5000000000000000e+00 km x 2.5000000000000000e+00 km
- Mean latitude: 5.6289536019444682e+01 deg
- Spectral sizes: 38x27
- Truncation parameters MxN: 36x25
- Maximum total wave number: 36
- Spectral array global size: 2815
- Direct-inverse test passed
- Inverse-direct test passed
- Parseval identity test passed
- Adjoint test (forward) passed
- Adjoint test (inverse) passed
- Derivatives / direct Laplacian consistency test passed
- xspace: LocalConfiguration[root={type => linear , start => 5.1745971254055749e+05 , end => 6.9995971254055749e+05 , N => 74 , endpoint => true}]
- yspace: LocalConfiguration[root={type => linear , start => -1.9923080099392682e+04 , end => 1.0757691990060732e+05 , N => 52 , endpoint => true}]
Outer grid size: 3848
Adjoint test for block BifourierSpectralVorDivToGridWind passed
Inner inverse test for block BifourierSpectralVorDivToGridWind passed: U Uinv (U x) == (U x)
Outer inverse test for block BifourierSpectralVorDivToGridWind passed: Uinv U (Uinv x) == (Uinv x)
Regression norms: 
- air_horizontal_divergence from balanced_air_pressure: 3.1847255575449089e-02
- air_temperature_and_log_of_air_pressure_at_surface from balanced_air_pressure: 4.2447621689115397e+02
- air_temperature_and_log_of_air_pressure_at_surface from air_horizontal_divergence: 4.2555929216369828e+06
- water_vapor_mixing_ratio_wrt_moist_air from balanced_air_pressure: 2.7565506902701736e-01
- water_vapor_mixing_ratio_wrt_moist_air from air_horizontal_divergence: 1.6875750186449700e+03
- water_vapor_mixing_ratio_wrt_moist_air from air_temperature_and_log_of_air_pressure_at_surface: 7.9130259301296988e+00
Adjoint test for block BifourierAromeBalance passed
Inner inverse test for block BifourierAromeBalance passed: U Uinv (U x) == (U x)
Outer inverse test for block BifourierAromeBalance passed: Uinv U (Uinv x) == (Uinv x)
Covariance norms: 
- air_upward_absolute_vorticity: 
  + correlation square-root: 1.9218428691272108e-01
  + standard-deviation:      6.5143420989835165e-05
- air_horizontal_divergence: 
  + correlation square-root: 1.8259396896072619e-01
  + standard-deviation:      5.6666023834226092e-05
- water_vapor_mixing_ratio_wrt_moist_air: 
  + correlation square-root: 3.3463173529544205e-01
  + standard-deviation:      5.0448098900994845e-04
- air_temperature_and_log_of_air_pressure_at_surface: 
  + correlation square-root: 4.4875712973080273e-01
  + standard-deviation:      8.4643790964130639e-01
Adjoint test for block BifourierCovariance passed
Square-root test for block BifourierCovariance passed
Covariance(SABER) * Increment:
- Valid time: 2010-01-01T12:00:00Z
  Geometry: structured [3848]
  Fields:
  - geographical_x_wind (10 levels):
    + min    = -5.6278520337330821e-04
    + max    = 5.6278468239195347e-04
    + mean   = 7.3157341439182453e-11
    + stddev = 1.7735531051199483e-04
  - geographical_y_wind (10 levels):
    + min    = -5.1162699089322896e-04
    + max    = 5.1163042808617426e-04
    + mean   = 3.1055969898865364e-10
    + stddev = 1.3049257705688498e-04
  - air_temperature (10 levels):
    + min    = -4.3635444337764145e-03
    + max    = 8.5303931229345709e-02
    + mean   = 1.5856224813298064e-04
    + stddev = 3.3438743539079352e-03
  - log_of_air_pressure_at_surface (1 levels):
    + min    = -6.8858343028656299e-06
    + max    = 2.4887642823134810e-06
    + mean   = 9.2274858954480491e-08
    + stddev = 1.2369153230668247e-06
  - water_vapor_mixing_ratio_wrt_moist_air (10 levels):
    + min    = -9.3521441859738582e-07
    + max    = 6.5952060461327090e-06
    + mean close to zero
    + stddev = 3.4507888920950228e-07
