Norm of input parameter nicas_a::1: 4.2470302570701669e+01
Norm of input parameter nicas_a::2: 1.4494112751352240e+01
       Independent levels:  1[2] 
          Level   1:   1550418632
          Level   2:   1550418632
          Model grid size:              840
          Subset Sc0 size:              762
          Number of duplicated points (halo):        78 (  9.29%)
          Min. / max. longitudes: -171.0 /   180.0
          Min. / max. latitudes:   -90.0 /    90.0
          Domain area (% of Earth area): 0.100E+03%
             Level   1 ~> 100.0%
             Level   2 ~> 100.0%
             Level   1 ~>  0.100E+01 vert. unit
             Level   2 ~>  0.200E+01 vert. unit
             nc1(  1) =        727
             nc1(  2) =        734
             ns =             1461
             nc1(  1) =        726
             nc1(  2) =        734
             ns =             1460
             nc1(  1) =        762
             nc1(  2) =        762
             ns =             1524
             nc1(  1) =        762
             nc1(  2) =        762
             ns =             1524
