Norm of input parameter a::1: 3.6363779657680531e+01
Norm of input parameter a::2: 1.4947084722012432e+01
Norm of input parameter rh1::1: 1.9596839964208391e+08
Norm of input parameter rh1::2: 1.9470884631857979e+08
Norm of input parameter rh2::1: 1.9215283836263254e+08
Norm of input parameter rh2::2: 1.9104673920030373e+08
Norm of input parameter rhc::1: 3.0598560331708904e+00
Norm of input parameter rhc::2: 2.4701168497502790e+00
Norm of input parameter rv::1: 2.1300788768406386e+02
Norm of input parameter rv::2: 2.8052357057959931e+01
       Independent levels:  1[2] 
          Level   1:   1550418632
          Level   2:   1550418632
          Model grid size:              840
          Subset Sc0 size:              762
          Number of duplicated points (halo):        78 (  9.29%)
          Min. / max. longitudes: -171.0 /   180.0
          Min. / max. latitudes:   -90.0 /    90.0
          Domain area (% of Earth area): 0.100E+03%
             Level   1 ~> 100.0%
             Level   2 ~> 100.0%
             Level   1 ~>  0.100E+01 vert. unit
             Level   2 ~>  0.200E+01 vert. unit
       Independent levels:  1[1] 
          Level   1:   1550418632
          Model grid size:              840
          Subset Sc0 size:              762
          Number of duplicated points (halo):        78 (  9.29%)
          Min. / max. longitudes: -171.0 /   180.0
          Min. / max. latitudes:   -90.0 /    90.0
          Domain area (% of Earth area): 0.100E+03%
             Level   1 ~> 100.0%
             Level   1 ~>  0.100E+01 vert. unit
             Effective levels:   1   2 
                   Horizontal support radius:    4046.77 km (   3542.19 km -    4934.78 km)
                   Estimated nc1 from horizontal support radius:      575
                   Decimate full grid, at least      575 points required
                        762 valid points found
                   Final nc1:      575
                   Effective horizontal resolution:  4.00
                   Horizontal support radius:    4033.49 km (   3427.74 km -    4859.24 km)
                   Estimated nc1 from horizontal support radius:      579
                   Decimate full grid, at least      579 points required
                        762 valid points found
                   Final nc1:      579
                   Effective horizontal resolution:  4.00
             nc1(  1) =        575
             nc1(  2) =        579
             ns =             1154
             Effective levels:   1   2 
                   Horizontal support radius:    4023.85 km (   3504.03 km -    4932.85 km)
                   Estimated nc1 from horizontal support radius:      582
                   Decimate full grid, at least      582 points required
                        762 valid points found
                   Final nc1:      582
                   Effective horizontal resolution:  4.00
                   Horizontal support radius:    3996.00 km (   3413.00 km -    4763.11 km)
                   Estimated nc1 from horizontal support radius:      590
                   Decimate full grid, at least      590 points required
                        762 valid points found
                   Final nc1:      590
                   Effective horizontal resolution:  4.00
             nc1(  1) =        582
             nc1(  2) =        590
             ns =             1172
             0.0 /    0.0:  1.0358750
          Level   1:  0.0000000 -  1.0358750
          Level   2:  0.0000000 -  0.5155877
             Effective levels:   1 
                   Horizontal support radius:    3990.18 km (   3525.35 km -    4654.43 km)
                   Estimated nc1 from horizontal support radius:      591
                   Decimate full grid, at least      591 points required
                        762 valid points found
                   Final nc1:      591
                   Effective horizontal resolution:  4.00
             nc1(  1) =        591
             ns =              591
             Effective levels:   1 
                   Horizontal support radius:    3977.80 km (   3445.35 km -    4657.20 km)
                   Estimated nc1 from horizontal support radius:      595
                   Decimate full grid, at least      595 points required
                        762 valid points found
                   Final nc1:      595
                   Effective horizontal resolution:  4.00
             nc1(  1) =        595
             ns =              595
             0.0 /    0.0:  1.3330174
          Level   1:  0.0000000 -  1.3330174
