       Independent levels:  1[2]
          Subset Sc0 size:              762
          Min. / max. longitudes: -171.0 /   180.0
          Min. / max. latitudes:   -90.0 /    90.0
          Domain area (% of Earth area): 0.100E+03%
             Level   1 ~> 100.0%
             Level   2 ~> 100.0%
             Level   1 ~>  0.100E+01 vert. unit
             Level   2 ~>  0.200E+01 vert. unit
   Norm of stream_function:  0.36038244E+02
   Norm of velocity_potential:  0.32986300E+02
   Norm of stream_function:  0.35578720E+02
   Norm of velocity_potential:  0.37714142E+02
   Norm of stream_function:  0.34115963E+02
   Norm of velocity_potential:  0.37112091E+02
   Norm of stream_function:  0.36393358E+02
   Norm of velocity_potential:  0.36016428E+02
   Norm of stream_function:  0.35321517E+02
   Norm of velocity_potential:  0.34032956E+02
   Norm of stream_function:  0.39553933E+02
   Norm of velocity_potential:  0.36888808E+02
   Norm of stream_function:  0.35721337E+02
   Norm of velocity_potential:  0.35210041E+02
   Norm of stream_function:  0.41403775E+02
   Norm of velocity_potential:  0.37125817E+02
   Norm of stream_function:  0.39347348E+02
   Norm of velocity_potential:  0.41223733E+02
   Norm of stream_function:  0.35248512E+02
   Norm of velocity_potential:  0.38399163E+02
          Level   1 ~> 100.0%
          Level   2 ~> 100.0%
          Decimate full grid, at least      500 points required,     762 valid points found
          Subgrid hash:   -130003308
          nc1 =      500
          nc2 =      250
          Independent levels:  1[2]
       Vertical balance block stream_function-velocity_potential adjoint test result:  T
       Vertical balance direct adjoint test results:  T
       Vertical balance inverse adjoint test results: T
Norm of output parameter dirac_vbal - 1: 1.0000000000000000e+00
