       Independent levels:  1[2]
          Subset Sc0 size:             1106
          Domain area (% of Earth area): 0.100E+03%
             Level   1 ~> 100.0%
             Level   2 ~> 100.0%
             Level   1 ~>  0.100E+01 vert. coord.
             Level   2 ~>  0.200E+01 vert. coord.
          Norm of air_horizontal_streamfunction:  0.46774069E+02
          Norm of air_horizontal_streamfunction:  0.49473350E+02
          Norm of air_horizontal_streamfunction:  0.46803110E+02
          Norm of air_horizontal_streamfunction:  0.43951618E+02
          Norm of air_horizontal_streamfunction:  0.43045885E+02
          Norm of air_horizontal_streamfunction:  0.37535957E+02
          Norm of air_horizontal_streamfunction:  0.42717053E+02
          Norm of air_horizontal_streamfunction:  0.43655893E+02
          Norm of air_horizontal_streamfunction:  0.45349584E+02
          Norm of air_horizontal_streamfunction:  0.37776353E+02
          Level   1 ~> 100.0%
          Level   2 ~> 100.0%
          Decimate full grid, at least      500 points required,    1090 valid points found
          Subgrid hash:   1120638748
             -90.00 deg.  ~>100-54-100-100-99-100-99-100-100-99-100-99-100-100-99 
             -90.00 deg.  ~>100-54-100-100-99-100-99-100-100-99-100-99-100-100-99 
          nc1 =      500
          Independent levels:  1[2]
          Independent levels for angular sector   1 / class   1:  1[2]
          Independent levels for angular sector   1 / class   2:  1[2]
          Independent levels for angular sector   1 / class   3:  1[2]
          Independent levels for angular sector   1 / class   4:  1[2]
          Independent levels for angular sector   1 / class   5:  1[2]
          Independent levels for angular sector   1 / class   6:  1[2]
          Independent levels for angular sector   1 / class   7:  1[2]
          Independent levels for angular sector   1 / class   8:  1[2]
          Independent levels for angular sector   1 / class   9:  1[2]
          Independent levels for angular sector   1 / class  10:  1[2]
          Independent levels for angular sector   1 / class  11:  1[2]
          Independent levels for angular sector   1 / class  12:  1[2]
          Independent levels for angular sector   1 / class  13:  1[2]
          Independent levels for angular sector   1 / class  14:  1[2]
          Independent levels for angular sector   1 / class  15:  1[2]
                Level:   1 ~> cov. at class zero:  0.96E+00
                Level:   2 ~> cov. at class zero:  0.91E+00
             Block air_horizontal_streamfunction:  0.13646608E+00 for       60 diagnostic points
                   Level:   1 ~> amplitude:        1.00
                                 cor. hor. support:      3722.94 km
                                 cor. ver. support:         3.10 vertical units
                   Level:   2 ~> amplitude:        1.00
                                 cor. hor. support:      3817.09 km
                                 cor. ver. support:         3.10 vertical units
             Block air_horizontal_streamfunction: not sampled
                   Level:   1 ~> amplitude:        1.00
                                 loc. hor. support:     10000.00 km
                                 loc. ver. support:         2.00 vertical units
                   Level:   2 ~> amplitude:        1.00
                                 loc. hor. support:     10000.00 km
                                 loc. ver. support:         2.00 vertical units
                Level:   1 ~> hybrid coefficients: 0.39 / 0.58
                Level:   2 ~> hybrid coefficients: 0.23 / 0.71
Norm of output parameter loc_rh - 1: 4.7031904065219390e+08
Norm of output parameter loc_rv - 1: 9.4063808130438773e+01
Norm of output parameter hyb_coef_1 - 1: 1.5228340242078120e+01
Norm of output parameter hyb_coef_2 - 1: 3.0394788555688265e+01
