Norm of input parameter nicas_a::1: 4.4860789243474272e+01
Norm of input parameter nicas_a::2: 1.3133522336960826e+01
       Independent levels:  1[2]
          Model grid size:              840
          Subset Sc0 size:              762
          Number of duplicated points (halo):        78 (  9.29%)
          Min. / max. longitudes: -171.0 /   180.0
          Min. / max. latitudes:   -90.0 /    90.0
          Domain area (% of Earth area): 0.100E+03%
             Level   1 ~> 100.0%
             Level   2 ~> 100.0%
             Level   1 ~>  0.100E+01 vert. unit
             Level   2 ~>  0.200E+01 vert. unit
   Norm of stream_function:  0.15579346E+04
   Norm of velocity_potential:  0.13710824E+04
   Norm of stream_function:  0.14840202E+04
   Norm of velocity_potential:  0.16565891E+04
   Norm of stream_function:  0.12940664E+04
   Norm of velocity_potential:  0.14360889E+04
   Norm of stream_function:  0.15699724E+04
   Norm of velocity_potential:  0.15202855E+04
   Norm of stream_function:  0.16634726E+04
   Norm of velocity_potential:  0.13245140E+04
   Norm of stream_function:  0.19946213E+04
   Norm of velocity_potential:  0.16975438E+04
   Norm of stream_function:  0.13897421E+04
   Norm of velocity_potential:  0.14539846E+04
   Norm of stream_function:  0.19549025E+04
   Norm of velocity_potential:  0.15661872E+04
   Norm of stream_function:  0.16406601E+04
   Norm of velocity_potential:  0.22328775E+04
   Norm of stream_function:  0.13238849E+04
   Norm of velocity_potential:  0.15917382E+04
   Norm of stream_function:  0.14950920E+04
   Norm of velocity_potential:  0.15603242E+04
   Norm of stream_function:  0.16315350E+04
   Norm of velocity_potential:  0.19589613E+04
   Norm of stream_function:  0.18295197E+04
   Norm of velocity_potential:  0.19231079E+04
   Norm of stream_function:  0.21336317E+04
   Norm of velocity_potential:  0.13176914E+04
   Norm of stream_function:  0.18680388E+04
   Norm of velocity_potential:  0.16063580E+04
   Norm of stream_function:  0.16086922E+04
   Norm of velocity_potential:  0.16115453E+04
   Norm of stream_function:  0.18259781E+04
   Norm of velocity_potential:  0.17439960E+04
   Norm of stream_function:  0.16654886E+04
   Norm of velocity_potential:  0.15909390E+04
   Norm of stream_function:  0.14155585E+04
   Norm of velocity_potential:  0.12323798E+04
   Norm of stream_function:  0.15563456E+04
   Norm of velocity_potential:  0.12178365E+04
   Norm of stream_function:  0.11955325E+04
   Norm of velocity_potential:  0.15530792E+04
   Norm of stream_function:  0.15662073E+04
   Norm of velocity_potential:  0.15188388E+04
   Norm of stream_function:  0.17065854E+04
   Norm of velocity_potential:  0.17808198E+04
   Norm of stream_function:  0.16922486E+04
   Norm of velocity_potential:  0.13360784E+04
   Norm of stream_function:  0.17012366E+04
   Norm of velocity_potential:  0.14807828E+04
             nc1(  1) =                        762
             nc1(  2) =                        671
             ns =                             1433
             v%n_s =                             2
             c%n_s[global] =                 42963
             nc1(  1) =                        762
             nc1(  2) =                        672
             ns =                             1434
             v%n_s =                             2
             c%n_s[global] =                 22440
             nc1(  1) =                        631
             nc1(  2) =                        751
             ns =                             1382
             v%n_s =                             2
             c%n_s[global] =                 39720
             nc1(  1) =                        631
             nc1(  2) =                        751
             ns =                             1382
             v%n_s =                             2
             c%n_s[global] =                 21067
    Full NICAS adjoint test result:                        T
       Block NICAS adjoint test result:                    T
          Interpolation adjoint test (horizontal) result:  T
          Interpolation adjoint test (vertical) result:    T
          Interpolation adjoint test (total) result:       T
          Communication AB adjoint test result:            T
          Communication AC adjoint test result:            T
          Convolution / communication adjoint test result: T
          Component NICAS adjoint test result:             T
          Interpolation adjoint test (horizontal) result:  T
          Interpolation adjoint test (vertical) result:    T
          Interpolation adjoint test (total) result:       T
          Communication AB adjoint test result:            T
          Communication AC adjoint test result:            T
          Convolution / communication adjoint test result: T
          Component NICAS adjoint test result:             T
       Block NICAS adjoint test result:                    T
          Interpolation adjoint test (horizontal) result:  T
          Interpolation adjoint test (vertical) result:    T
          Interpolation adjoint test (total) result:       T
          Communication AB adjoint test result:            T
          Communication AC adjoint test result:            T
          Convolution / communication adjoint test result: T
          Component NICAS adjoint test result:             T
          Interpolation adjoint test (horizontal) result:  T
          Interpolation adjoint test (vertical) result:    T
          Interpolation adjoint test (total) result:       T
          Communication AB adjoint test result:            T
          Communication AC adjoint test result:            T
          Convolution / communication adjoint test result: T
          Component NICAS adjoint test result:             T
             0.0 /    0.0:  1.0000000
          Level   1:  0.0000000 -  1.0000000
          Level   2:  0.0000000 -  0.6577737
             0.0 /    0.0:  0.0000000
          Level   1:  0.0000000 -  0.0000000
          Level   2:  0.0000000 -  0.0000000
Norm of BUMP output parameter dirac_nicas - 1: 2.2164145384133902e+00
