Input Dirac increment:
- Valid time: 2010-01-01T12:00:00Z
  Geometry: structured [3723]
  Fields:
  - geographical_x_wind (10 levels):
    + min    = 0.0000000000000000e+00
    + max    = 0.0000000000000000e+00
  - geographical_y_wind (10 levels):
    + min    = 0.0000000000000000e+00
    + max    = 0.0000000000000000e+00
  - air_temperature (10 levels):
    + min    = 0.0000000000000000e+00
    + max    = 1.0000000000000000e+00
    + mean   = 2.6860059092130003e-05
    + stddev = 5.1826691088793144e-03
  - log_of_air_pressure_at_surface (1 levels):
    + min    = 0.0000000000000000e+00
    + max    = 0.0000000000000000e+00
  - water_vapor_mixing_ratio_wrt_moist_air (10 levels):
    + min    = 0.0000000000000000e+00
    + max    = 0.0000000000000000e+00
- Regional grid size: 73x51
- Cell sizes: 2.5000000000000000e+00 km x 2.5000000000000000e+00 km
- Mean latitude: 5.6289831946322792e+01 deg
- Spectral sizes: 37x26
- Truncation parameters MxN: 36x25
- Maximum total wave number: 36
- Spectral array global size: 2815
- Direct-inverse test passed
- Inverse-direct test passed
- Parseval identity test passed
- Adjoint test (forward) passed
- Adjoint test (inverse) passed
- Derivatives / direct Laplacian consistency test passed
- xspace: LocalConfiguration[root={type => linear , start => 5.1870971254055749e+05 , end => 6.9870971254055749e+05 , N => 73 , endpoint => true}]
- yspace: LocalConfiguration[root={type => linear , start => -1.8673080099392682e+04 , end => 1.0632691990060732e+05 , N => 51 , endpoint => true}]
Outer grid size: 3723
Adjoint test for block BifourierSpectralVorDivToGridWind passed
Inner inverse test for block BifourierSpectralVorDivToGridWind passed: U Uinv (U x) == (U x)
Outer inverse test for block BifourierSpectralVorDivToGridWind passed: Uinv U (Uinv x) == (Uinv x)
Regression norms: 
- air_horizontal_divergence from balanced_air_pressure: 3.5982558136748180e-02
- air_temperature_and_log_of_air_pressure_at_surface from balanced_air_pressure: 4.1759844068797253e+02
- air_temperature_and_log_of_air_pressure_at_surface from air_horizontal_divergence: 3.6497986995759979e+06
- water_vapor_mixing_ratio_wrt_moist_air from balanced_air_pressure: 2.6570010790594650e-01
- water_vapor_mixing_ratio_wrt_moist_air from air_horizontal_divergence: 3.1139447537166857e+03
- water_vapor_mixing_ratio_wrt_moist_air from air_temperature_and_log_of_air_pressure_at_surface: 7.9085677788076261e+00
Adjoint test for block BifourierAromeBalance passed
Inner inverse test for block BifourierAromeBalance passed: U Uinv (U x) == (U x)
Outer inverse test for block BifourierAromeBalance passed: Uinv U (Uinv x) == (Uinv x)
Covariance norms: 
- air_upward_absolute_vorticity: 
  + correlation square-root: 1.9250554453861476e-01
  + standard-deviation:      6.5207410891391726e-05
- air_horizontal_divergence: 
  + correlation square-root: 1.8263542617354050e-01
  + standard-deviation:      5.6627709205312890e-05
- water_vapor_mixing_ratio_wrt_moist_air: 
  + correlation square-root: 3.2541108191558932e-01
  + standard-deviation:      5.0101485455981217e-04
- air_temperature_and_log_of_air_pressure_at_surface: 
  + correlation square-root: 4.6123324820770872e-01
  + standard-deviation:      8.3562264580164547e-01
Adjoint test for block BifourierCovariance passed
Square-root test for block BifourierCovariance passed
Covariance(SABER) * Increment:
- Valid time: 2010-01-01T12:00:00Z
  Geometry: structured [3723]
  Fields:
  - geographical_x_wind (10 levels):
    + min    = -4.5801311102332997e-04
    + max    = 4.5801313103138692e-04
    + mean   = 9.8583349972661957e-11
    + stddev = 1.3894326515603703e-04
  - geographical_y_wind (10 levels):
    + min    = -4.6972570339229959e-04
    + max    = 4.6972556166276647e-04
    + mean   = 1.3353245006830264e-10
    + stddev = 1.0733636338555283e-04
  - air_temperature (10 levels):
    + min    = -3.9207503249316430e-03
    + max    = 8.2193245952076055e-02
    + mean   = 1.6019682858715617e-04
    + stddev = 2.9466397733630936e-03
  - log_of_air_pressure_at_surface (1 levels):
    + min    = -5.7337733493276711e-06
    + max    = 2.1455616446683048e-06
    + mean   = 1.0597150141089746e-07
    + stddev = 9.1892798752531870e-07
  - water_vapor_mixing_ratio_wrt_moist_air (10 levels):
    + min    = -8.8718070061375058e-07
    + max    = 6.3274030964037416e-06
    + mean   ~ 0
    + stddev = 3.4460871190804017e-07
