Norm of input parameter a::1: 4.6206030769773228e+01
Norm of input parameter a::2: 1.8764134198642523e+01
Norm of input parameter rh1::1: 2.4770911728747132e+08
Norm of input parameter rh1::2: 2.4531506456800568e+08
Norm of input parameter rh2::1: 2.4759496374396583e+08
Norm of input parameter rh2::2: 2.4504010977570057e+08
Norm of input parameter rhc::1: 4.8079995315366935e+00
Norm of input parameter rhc::2: 3.9840022937447945e+00
Norm of input parameter rv::1: 2.7755959498314081e+02
Norm of input parameter rv::2: 3.5375089272281322e+01
       Independent levels:  1[2]
          Model grid size:              840
          Subset Sc0 size:              762
          Number of duplicated points (halo):        78 (  9.29%)
          Min. / max. longitudes: -171.0 /   180.0
          Min. / max. latitudes:   -90.0 /    90.0
          Domain area (% of Earth area): 0.100E+03%
             Level   1 ~> 100.0%
             Level   2 ~> 100.0%
             Level   1 ~>  0.100E+01 vert. unit
             Level   2 ~>  0.200E+01 vert. unit
       Independent levels:  1[1]
          Model grid size:              840
          Subset Sc0 size:              762
          Number of duplicated points (halo):        78 (  9.29%)
          Min. / max. longitudes: -171.0 /   180.0
          Min. / max. latitudes:   -90.0 /    90.0
          Domain area (% of Earth area): 0.100E+03%
             Level   1 ~> 100.0%
             Level   1 ~>  0.100E+01 vert. unit
             Effective levels:   1   2 
                   Horizontal support radius:    3835.23 km (   3440.44 km -    4175.56 km)
                   Estimated nc1 from horizontal support radius:      640
                      Decimate full grid, at least      640 points required,     762 valid points found
                      Subgrid hash:  -1385787603
                   Final nc1:      640
                   Effective horizontal resolution:  4.00
                   Horizontal support radius:    3820.70 km (   3410.63 km -    4119.61 km)
                   Estimated nc1 from horizontal support radius:      645
                      Decimate full grid, at least      645 points required,     762 valid points found
                      Subgrid hash:  -1192875846
                   Final nc1:      645
                   Effective horizontal resolution:  4.00
             nc1(  1) =                        640
             nc1(  2) =                        645
             ns =                             1285
             v%n_s =                             2
             c%n_s[global] =                 37162
             Effective levels:   1   2 
                   Horizontal support radius:    3820.03 km (   3441.78 km -    4159.80 km)
                   Estimated nc1 from horizontal support radius:      645
                      Decimate full grid, at least      645 points required,     762 valid points found
                      Subgrid hash:   -858932237
                   Final nc1:      645
                   Effective horizontal resolution:  4.00
                   Horizontal support radius:    3794.28 km (   3396.19 km -    4109.59 km)
                   Estimated nc1 from horizontal support radius:      654
                      Decimate full grid, at least      654 points required,     762 valid points found
                      Subgrid hash:   -954726215
                   Final nc1:      654
                   Effective horizontal resolution:  4.00
             nc1(  1) =                        645
             nc1(  2) =                        654
             ns =                             1299
             v%n_s =                             2
             c%n_s[global] =                 19030
             Effective levels:   1   2 
                   Horizontal support radius:    3835.23 km (   3440.44 km -    4175.56 km)
                   Estimated nc1 from horizontal support radius:      640
                      Decimate full grid, at least      640 points required,     762 valid points found
                      Subgrid hash:  -1385787603
                   Final nc1:      640
                   Effective horizontal resolution:  4.00
                   Horizontal support radius:    3820.70 km (   3410.63 km -    4119.61 km)
                   Estimated nc1 from horizontal support radius:      645
                      Decimate full grid, at least      645 points required,     762 valid points found
                      Subgrid hash:  -1192875846
                   Final nc1:      645
                   Effective horizontal resolution:  4.00
             nc1(  1) =                        640
             nc1(  2) =                        645
             ns =                             1285
             v%n_s =                             2
             c%n_s[global] =                 39161
             Effective levels:   1   2 
                   Horizontal support radius:    3820.03 km (   3441.78 km -    4159.80 km)
                   Estimated nc1 from horizontal support radius:      645
                      Decimate full grid, at least      645 points required,     762 valid points found
                      Subgrid hash:   -858932237
                   Final nc1:      645
                   Effective horizontal resolution:  4.00
                   Horizontal support radius:    3794.28 km (   3396.19 km -    4109.59 km)
                   Estimated nc1 from horizontal support radius:      654
                      Decimate full grid, at least      654 points required,     762 valid points found
                      Subgrid hash:   -954726215
                   Final nc1:      654
                   Effective horizontal resolution:  4.00
             nc1(  1) =                        645
             nc1(  2) =                        654
             ns =                             1299
             v%n_s =                             2
             c%n_s[global] =                 19467
    Full NICAS adjoint test result:                        T
       Block NICAS adjoint test result:                    T
          Interpolation adjoint test (horizontal) result:  T
          Interpolation adjoint test (vertical) result:    T
          Interpolation adjoint test (total) result:       T
          Communication AB adjoint test result:            T
          Communication AC adjoint test result:            T
          Convolution / communication adjoint test result: T
          Component NICAS adjoint test result:             T
          Interpolation adjoint test (horizontal) result:  T
          Interpolation adjoint test (vertical) result:    T
          Interpolation adjoint test (total) result:       T
          Communication AB adjoint test result:            T
          Communication AC adjoint test result:            T
          Convolution / communication adjoint test result: T
          Component NICAS adjoint test result:             T
       Block NICAS adjoint test result:                    T
          Interpolation adjoint test (horizontal) result:  T
          Interpolation adjoint test (vertical) result:    T
          Interpolation adjoint test (total) result:       T
          Communication AB adjoint test result:            T
          Communication AC adjoint test result:            T
          Convolution / communication adjoint test result: T
          Component NICAS adjoint test result:             T
          Interpolation adjoint test (horizontal) result:  T
          Interpolation adjoint test (vertical) result:    T
          Interpolation adjoint test (total) result:       T
          Communication AB adjoint test result:            T
          Communication AC adjoint test result:            T
          Convolution / communication adjoint test result: T
          Component NICAS adjoint test result:             T
             0.0 /    0.0:  1.0364373
          Level   1:  0.0000000 -  1.0364373
          Level   2:  0.0000000 -  0.6698311
             0.0 /    0.0:  0.0000000
          Level   1:  0.0000000 -  0.0000000
          Level   2:  0.0000000 -  0.0000000
             Effective levels:   1 
                   Horizontal support radius:    3966.40 km (   3394.17 km -    4499.23 km)
                   Estimated nc1 from horizontal support radius:      599
                      Decimate full grid, at least      599 points required,     762 valid points found
                      Subgrid hash:  -1185214736
                   Final nc1:      599
                   Effective horizontal resolution:  4.00
             nc1(  1) =                        599
             ns =                              599
             v%n_s =                             1
             c%n_s[global] =                  7996
             Effective levels:   1 
                   Horizontal support radius:    3942.96 km (   3404.27 km -    4419.71 km)
                   Estimated nc1 from horizontal support radius:      606
                      Decimate full grid, at least      606 points required,     762 valid points found
                      Subgrid hash:  -2125682535
                   Final nc1:      606
                   Effective horizontal resolution:  4.00
             nc1(  1) =                        606
             ns =                              606
             v%n_s =                             1
             c%n_s[global] =                  8060
    Full NICAS adjoint test result:                        T
       Block NICAS adjoint test result:                    T
          Interpolation adjoint test (horizontal) result:  T
          Interpolation adjoint test (vertical) result:    T
          Interpolation adjoint test (total) result:       T
          Communication AB adjoint test result:            T
          Communication AC adjoint test result:            T
          Convolution / communication adjoint test result: T
          Component NICAS adjoint test result:             T
          Interpolation adjoint test (horizontal) result:  T
          Interpolation adjoint test (vertical) result:    T
          Interpolation adjoint test (total) result:       T
          Communication AB adjoint test result:            T
          Communication AC adjoint test result:            T
          Convolution / communication adjoint test result: T
          Component NICAS adjoint test result:             T
             0.0 /    0.0:  1.1419259
          Level   1:  0.0000000 -  1.1419259
