Norm of input parameter sampling_mask_field: 8.6177684288955561e+01
       Independent levels:  1[10]
          Model grid size:              840
          Subset Sc0 size:              762
          Number of duplicated points (halo):        78 (  9.29%)
          Min. / max. longitudes: -171.0 /   180.0
          Min. / max. latitudes:   -90.0 /    90.0
          Domain area (% of Earth area): 0.100E+03%
             Level   1 ~> 100.0%
             Level   2 ~> 100.0%
             Level   3 ~> 100.0%
             Level   4 ~> 100.0%
             Level   5 ~> 100.0%
             Level   6 ~> 100.0%
             Level   7 ~> 100.0%
             Level   8 ~> 100.0%
             Level   9 ~> 100.0%
             Level  10 ~> 100.0%
             Level   1 ~>  0.100E+01 vert. unit
             Level   2 ~>  0.200E+01 vert. unit
             Level   3 ~>  0.300E+01 vert. unit
             Level   4 ~>  0.400E+01 vert. unit
             Level   5 ~>  0.500E+01 vert. unit
             Level   6 ~>  0.600E+01 vert. unit
             Level   7 ~>  0.700E+01 vert. unit
             Level   8 ~>  0.800E+01 vert. unit
             Level   9 ~>  0.900E+01 vert. unit
             Level  10 ~>  0.100E+02 vert. unit
   Norm of stream_function:  0.74265933E+04
   Norm of stream_function:  0.64993855E+04
   Norm of stream_function:  0.66309979E+04
   Norm of stream_function:  0.76893083E+04
   Norm of stream_function:  0.76670656E+04
   Norm of stream_function:  0.73707518E+04
   Norm of stream_function:  0.75821843E+04
   Norm of stream_function:  0.74785904E+04
   Norm of stream_function:  0.67163945E+04
   Norm of stream_function:  0.66968956E+04
   Norm of stream_function:  0.78918555E+04
   Norm of stream_function:  0.77242903E+04
   Norm of stream_function:  0.72726733E+04
   Norm of stream_function:  0.81499743E+04
   Norm of stream_function:  0.72189706E+04
   Norm of stream_function:  0.70109152E+04
   Norm of stream_function:  0.77634213E+04
   Norm of stream_function:  0.74441471E+04
   Norm of stream_function:  0.76413991E+04
   Norm of stream_function:  0.75102966E+04
   Norm of stream_function:  0.72398954E+04
   Norm of stream_function:  0.71601698E+04
   Norm of stream_function:  0.65315224E+04
   Norm of stream_function:  0.77336881E+04
   Norm of stream_function:  0.69206190E+04
          Level   1 ~>   2.6%
          Level   2 ~>   4.2%
          Level   3 ~>   5.2%
          Level   4 ~>   5.4%
          Level   5 ~>   4.3%
          Level   6 ~>   5.2%
          Level   7 ~>   5.1%
          Level   8 ~>   3.9%
          Level   9 ~>   3.1%
          Level  10 ~>   2.1%
          Profile A computed at lon/lat:    0.0 /    0.0
          Profile B computed at lon/lat:  -18.0 /   54.0
          Profile C computed at lon/lat: -126.0 /   -9.0
          Decimate full grid, at least       61 points required,      40 valid points found
      60 valid points found
      61 valid points found
          Subgrid hash:   -590058214
          Decimate full grid, at least       58 points required,      39 valid points found
      58 valid points found
          Subgrid hash:   1184197910
             -90.00 deg.  ~>32- 6- 1- 0- 0- 0- 0- 0- 0- 0 
             -90.00 deg.  ~>52-18-11- 6-11- 3- 0- 0- 0- 0 
             -90.00 deg.  ~>65-22-21-11-11- 0- 1- 0- 4- 3 
             -90.00 deg.  ~>67-29-22- 9- 9- 0- 0- 0- 0- 3 
             -90.00 deg.  ~>54-19-14- 3-11- 0- 0- 0- 0- 0 
             -90.00 deg.  ~>65-21-18- 6- 0- 0- 0- 0- 0- 1 
             -90.00 deg.  ~>63-29-16- 9- 0- 0- 3- 0- 0- 1 
             -90.00 deg.  ~>49-24-16- 9- 0- 1- 3- 1- 0- 0 
             -90.00 deg.  ~>39-21- 9- 8- 0- 1- 3- 1- 0- 1 
             -90.00 deg.  ~>26-11- 3- 3- 0- 1- 0- 0- 0- 0 
          nc1 =       61
          nc2 =       61
          Independent levels:  1[1]  2[1]  3[1]  4[1]  5[1]  6[1]  7[1]  8[1]  9[1] 10[1]
          Independent levels for angular sector   1 / class   1:  1[1]  2[1]  3[1]  4[1]  5[1]  6[1]  7[1]  8[1]  9[1] 10[1]
          Independent levels for angular sector   1 / class   2:  1[1]  2[1]  3[1]  4[1]  5[1]  6[1]  7[1]  8[1]  9[1] 10[1]
          Independent levels for angular sector   1 / class   3:  1[1]  2[1]  3[1]  4[1]  5[1]  6[1]  7[1]  8[1]  9[1] 10[1]
          Independent levels for angular sector   1 / class   4:  1[1]  2[1]  3[1]  4[1]  5[1]  6[1]  7[2]  9[1] 10[1]
          Independent levels for angular sector   1 / class   5:  1[6]  2[1]  3[1]  4[1]  5[1]
          Independent levels for angular sector   1 / class   6:  1[6]  2[1]  8[3]
          Independent levels for angular sector   1 / class   7:  1[6]  3[1]  7[1]  8[2]
          Independent levels for angular sector   1 / class   8:  1[8]  8[2]
          Independent levels for angular sector   1 / class   9:  1[9]  3[1]
          Independent levels for angular sector   1 / class  10:  1[5]  3[1]  4[1]  6[2]  9[1]
                Level:   1 ~> cov. at class zero:  0.13E+01
                Level:   2 ~> cov. at class zero:  0.13E+01
                Level:   3 ~> cov. at class zero:  0.13E+01
                Level:   4 ~> cov. at class zero:  0.13E+01
                Level:   5 ~> cov. at class zero:  0.13E+01
                Level:   6 ~> cov. at class zero:  0.12E+01
                Level:   7 ~> cov. at class zero:  0.13E+01
                Level:   8 ~> cov. at class zero:  0.13E+01
                Level:   9 ~> cov. at class zero:  0.12E+01
                Level:  10 ~> cov. at class zero:  0.12E+01
             Block stream_function:  0.31659737E+00 for    12908 diagnostic points
                Level:   1 ~> cor. at class zero:        1.00
                Level:   2 ~> cor. at class zero:        1.00
                Level:   3 ~> cor. at class zero:        1.00
                Level:   4 ~> cor. at class zero:        1.00
                Level:   5 ~> cor. at class zero:        1.00
                Level:   6 ~> cor. at class zero:        1.00
                Level:   7 ~> cor. at class zero:        1.00
                Level:   8 ~> cor. at class zero:        1.00
                Level:   9 ~> cor. at class zero:        1.00
                Level:  10 ~> cor. at class zero:        1.00
                   Level:   1 ~> amplitude:        1.00
                                 cor. hor. support:      3630.45 km
                                 cor. ver. support:         6.35 vertical units
                   Level:   2 ~> amplitude:        1.00
                                 cor. hor. support:      4483.27 km
                                 cor. ver. support:         6.87 vertical units
                   Level:   3 ~> amplitude:        1.00
                                 cor. hor. support:      4207.89 km
                                 cor. ver. support:         5.54 vertical units
                   Level:   4 ~> amplitude:        1.00
                                 cor. hor. support:      4444.52 km
                                 cor. ver. support:         6.85 vertical units
                   Level:   5 ~> amplitude:        1.00
                                 cor. hor. support:      3727.96 km
                                 cor. ver. support:         5.34 vertical units
                   Level:   6 ~> amplitude:        1.00
                                 cor. hor. support:      4337.84 km
                                 cor. ver. support:         6.44 vertical units
                   Level:   7 ~> amplitude:        1.00
                                 cor. hor. support:      4773.99 km
                                 cor. ver. support:         5.27 vertical units
                   Level:   8 ~> amplitude:        1.00
                                 cor. hor. support:      4575.06 km
                                 cor. ver. support:         6.27 vertical units
                   Level:   9 ~> amplitude:        1.00
                                 cor. hor. support:      4529.14 km
                                 cor. ver. support:         5.32 vertical units
                   Level:  10 ~> amplitude:        1.00
                                 cor. hor. support:      4621.41 km
                                 cor. ver. support:         5.77 vertical units
Norm of BUMP output parameter cor_rh - 1: 4.0649456073752576e+08
Norm of BUMP output parameter cor_rv - 1: 5.3607484487607110e+02
