       Independent levels:  1[2]
          Subset Sc0 size:             1106
          Domain area (% of Earth area): 0.100E+03%
             Level   1 ~> 100.0%
             Level   2 ~> 100.0%
             Level   1 ~>  0.100E+01 vert. coord.
             Level   2 ~>  0.200E+01 vert. coord.
          Level   1 ~> 100.0%
          Level   2 ~> 100.0%
          Decimate full grid, at least      500 points required,    1090 valid points found
          Subgrid hash:   1120638748
             -90.00 deg.  ~>100-54-100-100-99-100-99-100-100-99-100-99-100-100-99 
             -90.00 deg.  ~>100-54-100-100-99-100-99-100-100-99-100-99-100-100-99 
          nc1 =      500
          Independent levels:  1[2]
          Independent levels for angular sector   1 / class   1:  1[2]
          Independent levels for angular sector   1 / class   2:  1[2]
          Independent levels for angular sector   1 / class   3:  1[2]
          Independent levels for angular sector   1 / class   4:  1[2]
          Independent levels for angular sector   1 / class   5:  1[2]
          Independent levels for angular sector   1 / class   6:  1[2]
          Independent levels for angular sector   1 / class   7:  1[2]
          Independent levels for angular sector   1 / class   8:  1[2]
          Independent levels for angular sector   1 / class   9:  1[2]
          Independent levels for angular sector   1 / class  10:  1[2]
          Independent levels for angular sector   1 / class  11:  1[2]
          Independent levels for angular sector   1 / class  12:  1[2]
          Independent levels for angular sector   1 / class  13:  1[2]
          Independent levels for angular sector   1 / class  14:  1[2]
          Independent levels for angular sector   1 / class  15:  1[2]
                Level:   1 ~> cov. at class zero:  0.96E+00
                Level:   2 ~> cov. at class zero:  0.91E+00
             Block air_horizontal_streamfunction:  0.13646608E+00 for       60 diagnostic points
                   Level:   1 ~> amplitude:        1.00
                                 cor. hor. support:      3722.94 km
                                 cor. ver. support:         3.10 vertical units
                   Level:   2 ~> amplitude:        1.00
                                 cor. hor. support:      3817.09 km
                                 cor. ver. support:         3.10 vertical units
             Block air_horizontal_streamfunction:  0.23629308E+00 for       30 diagnostic points
                Level:   1 ~> loc. at class zero:       0.83
                Level:   2 ~> loc. at class zero:       0.82
                   Level:   1 ~> amplitude:        1.00
                                 loc. hor. support:      4484.40 km
                                 loc. ver. support:         4.10 vertical units
                   Level:   2 ~> amplitude:        1.00
                                 loc. hor. support:      4344.81 km
                                 loc. ver. support:         4.10 vertical units
                Level:   1 ~> hybrid coefficients: 0.57 / 0.41
                Level:   2 ~> hybrid coefficients: 0.63 / 0.34
Norm of output parameter loc_rh - 1: 2.0765313355080462e+08
Norm of output parameter loc_rv - 1: 1.9267686907947714e+02
Norm of output parameter hyb_coef_1 - 1: 2.8347533387493492e+01
Norm of output parameter hyb_coef_2 - 1: 1.7701062128658712e+01
