       Compute independent levels:  1[10] 
          Level   1:    764360948
          Level   2:    764360948
          Level   3:    764360948
          Level   4:    764360948
          Level   5:    764360948
          Level   6:    764360948
          Level   7:    764360948
          Level   8:    764360948
          Level   9:    764360948
          Level  10:    764360948
          Model grid size:              800
          Subset Sc0 size:              800
          Number of duplicated points (halo):         0 (  0.00%)
          Min. / max. longitudes: -171.0 /   180.0
          Min. / max. latitudes:   -83.3 /    83.3
          Domain area (% of Earth area): 0.675E+02%
             Level   1 ~>  67.5%
             Level   2 ~>  67.5%
             Level   3 ~>  67.5%
             Level   4 ~>  67.5%
             Level   5 ~>  67.5%
             Level   6 ~>  67.5%
             Level   7 ~>  67.5%
             Level   8 ~>  67.5%
             Level   9 ~>  67.5%
             Level  10 ~>  67.5%
             Level   1 ~>  0.100E+01 vert. unit
             Level   2 ~>  0.200E+01 vert. unit
             Level   3 ~>  0.300E+01 vert. unit
             Level   4 ~>  0.400E+01 vert. unit
             Level   5 ~>  0.500E+01 vert. unit
             Level   6 ~>  0.600E+01 vert. unit
             Level   7 ~>  0.700E+01 vert. unit
             Level   8 ~>  0.800E+01 vert. unit
             Level   9 ~>  0.900E+01 vert. unit
             Level  10 ~>  0.100E+02 vert. unit
          Level   1 ~>  83.3%
          Level   2 ~>  80.4%
          Level   3 ~>  80.9%
          Level   4 ~>  86.1%
          Level   5 ~>  78.5%
          Level   6 ~>  83.9%
          Level   7 ~>  83.7%
          Level   8 ~>  80.9%
          Level   9 ~>  79.6%
          Level  10 ~>  93.0%
          Decimate full grid, at least      500 points required
               537 valid points found
          nc1 =      500
          nc2 =      250
          Compute independent levels:  1[1]  2[1]  3[1]  4[1]  5[1]  6[1]  7[1]  8[1]  9[1] 10[1] 
          Compute independent levels:  1[1]  2[1]  3[1]  4[1]  5[1]  6[1]  7[1]  8[1]  9[1] 10[1] 
          Compute independent levels:  1[1]  2[1]  3[1]  4[1]  5[1]  6[1]  7[1]  8[1]  9[1] 10[1] 
          Compute independent levels:  1[1]  2[1]  3[1]  4[1]  5[1]  6[1]  7[1]  8[1]  9[1] 10[1] 
          Compute independent levels:  1[1]  2[1]  3[1]  4[1]  5[1]  6[1]  7[1]  8[1]  9[1] 10[1] 
          Compute independent levels:  1[1]  2[1]  3[1]  4[1]  5[1]  6[1]  7[1]  8[1]  9[1] 10[1] 
          Compute independent levels:  1[1]  2[1]  3[1]  4[1]  5[1]  6[1]  7[1]  8[1]  9[1] 10[1] 
          Compute independent levels:  1[1]  2[1]  3[1]  4[1]  5[1]  6[1]  7[1]  8[1]  9[1] 10[1] 
          Compute independent levels:  1[1]  2[1]  3[1]  4[1]  5[1]  6[1]  7[1]  8[1]  9[1] 10[1] 
          Compute independent levels:  1[1]  2[1]  3[1]  4[1]  5[1]  6[1]  7[1]  8[1]  9[1] 10[1] 
          Compute independent levels:  1[1]  2[1]  3[1]  4[1]  5[1]  6[1]  7[1]  8[1]  9[1] 10[1] 
             -90.00 deg.  ~>84-79-77-78-81-82-81-81-80-83 
             -90.00 deg.  ~>84-78-76-73-77-75-76-75-76-77 
             -90.00 deg.  ~>83-76-73-69-70-68-69-69-68-68 
             -90.00 deg.  ~>86-76-73-74-69-69-71-73-73-77 
             -90.00 deg.  ~>78-72-69-71-66-65-65-68-68-69 
             -90.00 deg.  ~>83-76-77-76-72-71-70-71-72-73 
             -90.00 deg.  ~>83-77-75-74-72-71-71-73-71-73 
             -90.00 deg.  ~>80-74-69-70-69-71-71-72-70-72 
             -90.00 deg.  ~>79-70-69-68-66-69-68-67-69-69 
             -90.00 deg.  ~>93-89-88-88-88-89-88-87-86-87 
             ns =             3970
                Level   1:  1 x    5000.00km, rel. diff. = -0.53685E-02
                Level   2:  1 x    5000.00km, rel. diff. = -0.17412E-01
                Level   3:  1 x    5000.00km, rel. diff. =  0.40690E-03
                Level   4:  1 x    5000.00km, rel. diff. =  0.18938E-01
                Level   5:  0 x    5000.00km, rel. diff. =  0.83333E-01
                Level   6:  0 x    5000.00km, rel. diff. =  0.83333E-01
                Level   7:  3 x    5000.00km, rel. diff. =  0.23837E-01
                Level   8:  1 x    5000.00km, rel. diff. =  0.76965E-01
                Level   9:  3 x    5000.00km, rel. diff. =  0.99342E-02
                Level  10:  2 x    5000.00km, rel. diff. = -0.12321E-01
             ns =             3970
                Level   1:  3 x    5000.00km, rel. diff. = -0.14049E-01
                Level   2:  3 x    5000.00km, rel. diff. = -0.13908E-01
                Level   3:  2 x    5000.00km, rel. diff. = -0.13276E-01
                Level   4:  2 x    5000.00km, rel. diff. =  0.17460E-01
                Level   5:  3 x    5000.00km, rel. diff. =  0.28132E-01
                Level   6:  3 x    5000.00km, rel. diff. = -0.10829E-01
                Level   7:  1 x    5000.00km, rel. diff. =  0.23214E-01
                Level   8:  1 x    5000.00km, rel. diff. =  0.22669E-01
                Level   9:  1 x    5000.00km, rel. diff. =  0.24933E-01
                Level  10:  2 x    5000.00km, rel. diff. = -0.34770E-02
             Level   1 ~>  0.97932E+00 /  0.97932E+00
             Level   2 ~>  0.99174E+00 /  0.99174E+00
             Level   3 ~>  0.99809E+00 /  0.99809E+00
             Level   4 ~>  0.92217E+00 /  0.92217E+00
             Level   5 ~>  0.96113E+00 /  0.96113E+00
             Level   6 ~>  0.93113E+00 /  0.93113E+00
             Level   7 ~>  0.92691E+00 /  0.92691E+00
             Level   8 ~>  0.93338E+00 /  0.93338E+00
             Level   9 ~>  0.10036E+01 /  0.10036E+01
             Level  10 ~>  0.10519E+01 /  0.10519E+01
             Level   1 ~>  0.98665E+00 /  0.98665E+00
             Level   2 ~>  0.98675E+00 /  0.98675E+00
             Level   3 ~>  0.95197E+00 /  0.95197E+00
             Level   4 ~>  0.95949E+00 /  0.95949E+00
             Level   5 ~>  0.98294E+00 /  0.98294E+00
             Level   6 ~>  0.97796E+00 /  0.97796E+00
             Level   7 ~>  0.98876E+00 /  0.98876E+00
             Level   8 ~>  0.10648E+01 /  0.10648E+01
             Level   9 ~>  0.10226E+01 /  0.10226E+01
             Level  10 ~>  0.94670E+00 /  0.94670E+00
                Level:   1 ~> cov. at class zero:  0.11E+01
                Level:   2 ~> cov. at class zero:  0.11E+01
                Level:   3 ~> cov. at class zero:  0.11E+01
                Level:   4 ~> cov. at class zero:  0.97E+00
                Level:   5 ~> cov. at class zero:  0.10E+01
                Level:   6 ~> cov. at class zero:  0.98E+00
                Level:   7 ~> cov. at class zero:  0.98E+00
                Level:   8 ~> cov. at class zero:  0.10E+01
                Level:   9 ~> cov. at class zero:  0.11E+01
                Level:  10 ~> cov. at class zero:  0.11E+01
                Level:   1 ~> cov. at class zero:  0.96E+00
                Level:   2 ~> cov. at class zero:  0.96E+00
                Level:   3 ~> cov. at class zero:  0.92E+00
                Level:   4 ~> cov. at class zero:  0.93E+00
                Level:   5 ~> cov. at class zero:  0.92E+00
                Level:   6 ~> cov. at class zero:  0.94E+00
                Level:   7 ~> cov. at class zero:  0.96E+00
                Level:   8 ~> cov. at class zero:  0.10E+01
                Level:   9 ~> cov. at class zero:  0.96E+00
                Level:  10 ~> cov. at class zero:  0.94E+00
             Block var1-var1:  0.17354657E+00 for    50144 diagnostic points
             Block var2-var2:  0.17611333E+00 for    50144 diagnostic points
                Level:   1 ~> cor. at class zero:        1.00
                Level:   2 ~> cor. at class zero:        1.00
                Level:   3 ~> cor. at class zero:        1.00
                Level:   4 ~> cor. at class zero:        1.00
                Level:   5 ~> cor. at class zero:        1.00
                Level:   6 ~> cor. at class zero:        1.00
                Level:   7 ~> cor. at class zero:        1.00
                Level:   8 ~> cor. at class zero:        1.00
                Level:   9 ~> cor. at class zero:        1.00
                Level:  10 ~> cor. at class zero:        1.00
                   Level:   1 ~> amplitude:        1.00
                                 cor. hor. support:      8047.53 km
                                 cor. ver. support:         5.50 vertical units
                   Level:   2 ~> amplitude:        1.00
                                 cor. hor. support:      7846.31 km
                                 cor. ver. support:         5.69 vertical units
                   Level:   3 ~> amplitude:        1.00
                                 cor. hor. support:      8019.19 km
                                 cor. ver. support:         5.31 vertical units
                   Level:   4 ~> amplitude:        1.00
                                 cor. hor. support:      7805.94 km
                                 cor. ver. support:         5.06 vertical units
                   Level:   5 ~> amplitude:        1.00
                                 cor. hor. support:      7922.89 km
                                 cor. ver. support:         5.34 vertical units
                   Level:   6 ~> amplitude:        1.00
                                 cor. hor. support:      7685.40 km
                                 cor. ver. support:         5.27 vertical units
                   Level:   7 ~> amplitude:        1.00
                                 cor. hor. support:      7415.18 km
                                 cor. ver. support:         4.96 vertical units
                   Level:   8 ~> amplitude:        1.00
                                 cor. hor. support:      7397.79 km
                                 cor. ver. support:         5.27 vertical units
                   Level:   9 ~> amplitude:        1.00
                                 cor. hor. support:      7660.78 km
                                 cor. ver. support:         6.29 vertical units
                   Level:  10 ~> amplitude:        1.00
                                 cor. hor. support:      7612.27 km
                                 cor. ver. support:         6.29 vertical units
                Level:   1 ~> cor. at class zero:        1.00
                Level:   2 ~> cor. at class zero:        1.00
                Level:   3 ~> cor. at class zero:        1.00
                Level:   4 ~> cor. at class zero:        1.00
                Level:   5 ~> cor. at class zero:        1.00
                Level:   6 ~> cor. at class zero:        1.00
                Level:   7 ~> cor. at class zero:        1.00
                Level:   8 ~> cor. at class zero:        1.00
                Level:   9 ~> cor. at class zero:        1.00
                Level:  10 ~> cor. at class zero:        1.00
                   Level:   1 ~> amplitude:        1.00
                                 cor. hor. support:      8258.78 km
                                 cor. ver. support:         6.67 vertical units
                   Level:   2 ~> amplitude:        1.00
                                 cor. hor. support:      8081.64 km
                                 cor. ver. support:         6.58 vertical units
                   Level:   3 ~> amplitude:        1.00
                                 cor. hor. support:      7985.16 km
                                 cor. ver. support:         6.04 vertical units
                   Level:   4 ~> amplitude:        1.00
                                 cor. hor. support:      8094.58 km
                                 cor. ver. support:         6.21 vertical units
                   Level:   5 ~> amplitude:        1.00
                                 cor. hor. support:      8478.59 km
                                 cor. ver. support:         6.12 vertical units
                   Level:   6 ~> amplitude:        1.00
                                 cor. hor. support:      8707.18 km
                                 cor. ver. support:         6.13 vertical units
                   Level:   7 ~> amplitude:        1.00
                                 cor. hor. support:      8659.73 km
                                 cor. ver. support:         6.40 vertical units
                   Level:   8 ~> amplitude:        1.00
                                 cor. hor. support:      9336.16 km
                                 cor. ver. support:         6.32 vertical units
                   Level:   9 ~> amplitude:        1.00
                                 cor. hor. support:      9522.21 km
                                 cor. ver. support:         6.30 vertical units
                   Level:  10 ~> amplitude:        1.00
                                 cor. hor. support:      9197.64 km
                                 cor. ver. support:         6.30 vertical units
             Block var1-var1:  0.29252614E+00 for    39473 diagnostic points
             Block var2-var2:  0.27339614E+00 for    42656 diagnostic points
                Level:   1 ~> loc. at class zero:       0.92
                Level:   2 ~> loc. at class zero:       0.92
                Level:   3 ~> loc. at class zero:       0.92
                Level:   4 ~> loc. at class zero:       0.92
                Level:   5 ~> loc. at class zero:       0.92
                Level:   6 ~> loc. at class zero:       0.92
                Level:   7 ~> loc. at class zero:       0.92
                Level:   8 ~> loc. at class zero:       0.92
                Level:   9 ~> loc. at class zero:       0.92
                Level:  10 ~> loc. at class zero:       0.92
                   Level:   1 ~> amplitude:        1.00
                                 loc. hor. support:     11339.20 km
                                 loc. ver. support:         7.59 vertical units
                   Level:   2 ~> amplitude:        1.00
                                 loc. hor. support:     10549.26 km
                                 loc. ver. support:         7.59 vertical units
                   Level:   3 ~> amplitude:        1.00
                                 loc. hor. support:     11260.04 km
                                 loc. ver. support:         7.45 vertical units
                   Level:   4 ~> amplitude:        1.00
                                 loc. hor. support:     11067.74 km
                                 loc. ver. support:         7.37 vertical units
                   Level:   5 ~> amplitude:        1.00
                                 loc. hor. support:     11208.66 km
                                 loc. ver. support:         7.50 vertical units
                   Level:   6 ~> amplitude:        1.00
                                 loc. hor. support:     10661.68 km
                                 loc. ver. support:         7.42 vertical units
                   Level:   7 ~> amplitude:        1.00
                                 loc. hor. support:      9991.56 km
                                 loc. ver. support:         7.30 vertical units
                   Level:   8 ~> amplitude:        1.00
                                 loc. hor. support:     11481.27 km
                                 loc. ver. support:         7.47 vertical units
                   Level:   9 ~> amplitude:        1.00
                                 loc. hor. support:     10738.43 km
                                 loc. ver. support:         7.69 vertical units
                   Level:  10 ~> amplitude:        1.00
                                 loc. hor. support:     10565.82 km
                                 loc. ver. support:         7.69 vertical units
                Level:   1 ~> loc. at class zero:       0.92
                Level:   2 ~> loc. at class zero:       0.92
                Level:   3 ~> loc. at class zero:       0.92
                Level:   4 ~> loc. at class zero:       0.92
                Level:   5 ~> loc. at class zero:       0.92
                Level:   6 ~> loc. at class zero:       0.92
                Level:   7 ~> loc. at class zero:       0.92
                Level:   8 ~> loc. at class zero:       0.92
                Level:   9 ~> loc. at class zero:       0.92
                Level:  10 ~> loc. at class zero:       0.92
                   Level:   1 ~> amplitude:        1.00
                                 loc. hor. support:     11711.54 km
                                 loc. ver. support:         7.77 vertical units
                   Level:   2 ~> amplitude:        1.00
                                 loc. hor. support:     11279.35 km
                                 loc. ver. support:         7.76 vertical units
                   Level:   3 ~> amplitude:        1.00
                                 loc. hor. support:     11413.98 km
                                 loc. ver. support:         7.66 vertical units
                   Level:   4 ~> amplitude:        1.00
                                 loc. hor. support:     11678.45 km
                                 loc. ver. support:         7.69 vertical units
                   Level:   5 ~> amplitude:        1.00
                                 loc. hor. support:     12108.77 km
                                 loc. ver. support:         7.68 vertical units
                   Level:   6 ~> amplitude:        1.00
                                 loc. hor. support:     12049.39 km
                                 loc. ver. support:         7.68 vertical units
                   Level:   7 ~> amplitude:        1.00
                                 loc. hor. support:     13398.54 km
                                 loc. ver. support:         7.72 vertical units
                   Level:   8 ~> amplitude:        1.00
                                 loc. hor. support:     13185.83 km
                                 loc. ver. support:         7.72 vertical units
                   Level:   9 ~> amplitude:        1.00
                                 loc. hor. support:     13605.04 km
                                 loc. ver. support:         7.72 vertical units
                   Level:  10 ~> amplitude:        1.00
                                 loc. hor. support:     14134.01 km
                                 loc. ver. support:         7.72 vertical units
Norm of BUMP output parameter cor_rh - 1: 8.5582656529658163e+08
Norm of BUMP output parameter cor_rv - 1: 6.2129735895739782e+02
