       Independent levels:  1[2]
          Subset Sc0 size:              197
          Domain area (% of Earth area): 0.238E-03%
             Level   1 ~> 100.0%
             Level   2 ~> 100.0%
             Level   1 ~>  0.100E+01 vert. coord.
             Level   2 ~>  0.200E+01 vert. coord.
             Effective levels:   1   2 
                Horizontal support radius:      20.00 km (     20.00 km -      20.00 km)
                Estimated nc1 from horizontal support radius:       55
                   Decimate full grid, at least       55 points required,     185 valid points found
                   Subgrid hash:   -864084779
                Final nc1:       55
                Effective horizontal resolution:  3.96
             nc1(  1) =                         55
             nc1(  2) =                         55
             ns =                              110
             v%n_s =                             2
             c%n_s[global] =                  1732
Member 0: 
- Valid time: 2010-01-01T12:00:00Z
  Geometry: unstructured.0c9f9d7 [197]
  Fields:
    air_horizontal_streamfunction: 1.9245450384747397e+01
Member 1: 
- Valid time: 2010-01-01T12:00:00Z
  Geometry: unstructured.0c9f9d7 [197]
  Fields:
    air_horizontal_streamfunction: 2.0932020624668024e+01
Member 2: 
- Valid time: 2010-01-01T12:00:00Z
  Geometry: unstructured.0c9f9d7 [197]
  Fields:
    air_horizontal_streamfunction: 1.9357951865153414e+01
Member 3: 
- Valid time: 2010-01-01T12:00:00Z
  Geometry: unstructured.0c9f9d7 [197]
  Fields:
    air_horizontal_streamfunction: 2.0736610744317723e+01
Member 4: 
- Valid time: 2010-01-01T12:00:00Z
  Geometry: unstructured.0c9f9d7 [197]
  Fields:
    air_horizontal_streamfunction: 1.8840262303920042e+01
Member 5: 
- Valid time: 2010-01-01T12:00:00Z
  Geometry: unstructured.0c9f9d7 [197]
  Fields:
    air_horizontal_streamfunction: 1.6247710305740249e+01
Member 6: 
- Valid time: 2010-01-01T12:00:00Z
  Geometry: unstructured.0c9f9d7 [197]
  Fields:
    air_horizontal_streamfunction: 2.4211097501539214e+01
Member 7: 
- Valid time: 2010-01-01T12:00:00Z
  Geometry: unstructured.0c9f9d7 [197]
  Fields:
    air_horizontal_streamfunction: 1.8433010112320105e+01
Member 8: 
- Valid time: 2010-01-01T12:00:00Z
  Geometry: unstructured.0c9f9d7 [197]
  Fields:
    air_horizontal_streamfunction: 2.1837387859762757e+01
Member 9: 
- Valid time: 2010-01-01T12:00:00Z
  Geometry: unstructured.0c9f9d7 [197]
  Fields:
    air_horizontal_streamfunction: 2.4963894115740160e+01
Member 10: 
- Valid time: 2010-01-01T12:00:00Z
  Geometry: unstructured.0c9f9d7 [197]
  Fields:
    air_horizontal_streamfunction: 1.8067386024228558e+01
Member 11: 
- Valid time: 2010-01-01T12:00:00Z
  Geometry: unstructured.0c9f9d7 [197]
  Fields:
    air_horizontal_streamfunction: 3.0144535559187815e+01
Member 12: 
- Valid time: 2010-01-01T12:00:00Z
  Geometry: unstructured.0c9f9d7 [197]
  Fields:
    air_horizontal_streamfunction: 1.8316440670699908e+01
Member 13: 
- Valid time: 2010-01-01T12:00:00Z
  Geometry: unstructured.0c9f9d7 [197]
  Fields:
    air_horizontal_streamfunction: 2.1205466923594052e+01
Member 14: 
- Valid time: 2010-01-01T12:00:00Z
  Geometry: unstructured.0c9f9d7 [197]
  Fields:
    air_horizontal_streamfunction: 1.8936206281094901e+01
Member 15: 
- Valid time: 2010-01-01T12:00:00Z
  Geometry: unstructured.0c9f9d7 [197]
  Fields:
    air_horizontal_streamfunction: 1.7689580242338995e+01
Member 16: 
- Valid time: 2010-01-01T12:00:00Z
  Geometry: unstructured.0c9f9d7 [197]
  Fields:
    air_horizontal_streamfunction: 1.8794374835916280e+01
Member 17: 
- Valid time: 2010-01-01T12:00:00Z
  Geometry: unstructured.0c9f9d7 [197]
  Fields:
    air_horizontal_streamfunction: 2.1478739685154647e+01
Member 18: 
- Valid time: 2010-01-01T12:00:00Z
  Geometry: unstructured.0c9f9d7 [197]
  Fields:
    air_horizontal_streamfunction: 1.9328314649426378e+01
Member 19: 
- Valid time: 2010-01-01T12:00:00Z
  Geometry: unstructured.0c9f9d7 [197]
  Fields:
    air_horizontal_streamfunction: 1.6118597202331809e+01
Member 20: 
- Valid time: 2010-01-01T12:00:00Z
  Geometry: unstructured.0c9f9d7 [197]
  Fields:
    air_horizontal_streamfunction: 1.9200917314829269e+01
Member 21: 
- Valid time: 2010-01-01T12:00:00Z
  Geometry: unstructured.0c9f9d7 [197]
  Fields:
    air_horizontal_streamfunction: 1.9124612164862615e+01
Member 22: 
- Valid time: 2010-01-01T12:00:00Z
  Geometry: unstructured.0c9f9d7 [197]
  Fields:
    air_horizontal_streamfunction: 1.5793481816882162e+01
Member 23: 
- Valid time: 2010-01-01T12:00:00Z
  Geometry: unstructured.0c9f9d7 [197]
  Fields:
    air_horizontal_streamfunction: 2.2323991226496300e+01
Member 24: 
- Valid time: 2010-01-01T12:00:00Z
  Geometry: unstructured.0c9f9d7 [197]
  Fields:
    air_horizontal_streamfunction: 1.9013656773608741e+01
