       Independent levels:  1[2]
          Subset Sc0 size:              197
          Domain area (% of Earth area): 0.238E-03%
             Level   1 ~> 100.0%
             Level   2 ~> 100.0%
             Level   1 ~>  0.100E+01 vert. coord.
             Level   2 ~>  0.200E+01 vert. coord.
             Effective levels:   1   2 
                Horizontal support radius:      20.00 km (     20.00 km -      20.00 km)
                Estimated nc1 from horizontal support radius:       55
                   Decimate full grid, at least       55 points required,     185 valid points found
                   Subgrid hash:   -864084779
                Final nc1:       55
                Effective horizontal resolution:  3.96
             nc1(  1) =                         55
             nc1(  2) =                         55
             ns =                              110
             v%n_s =                             2
             c%n_s[global] =                  1732
Member 0: 
- Valid time: 2010-01-01T12:00:00Z
  Geometry: unstructured.0c9f9d7 [197]
  Fields:
    air_horizontal_streamfunction: 2.0812785120858997e+01
Member 1: 
- Valid time: 2010-01-01T12:00:00Z
  Geometry: unstructured.0c9f9d7 [197]
  Fields:
    air_horizontal_streamfunction: 2.0772957394285537e+01
Member 2: 
- Valid time: 2010-01-01T12:00:00Z
  Geometry: unstructured.0c9f9d7 [197]
  Fields:
    air_horizontal_streamfunction: 1.9378591947363912e+01
Member 3: 
- Valid time: 2010-01-01T12:00:00Z
  Geometry: unstructured.0c9f9d7 [197]
  Fields:
    air_horizontal_streamfunction: 2.0950182200459530e+01
Member 4: 
- Valid time: 2010-01-01T12:00:00Z
  Geometry: unstructured.0c9f9d7 [197]
  Fields:
    air_horizontal_streamfunction: 1.9269539938342326e+01
Member 5: 
- Valid time: 2010-01-01T12:00:00Z
  Geometry: unstructured.0c9f9d7 [197]
  Fields:
    air_horizontal_streamfunction: 1.6668915387033362e+01
Member 6: 
- Valid time: 2010-01-01T12:00:00Z
  Geometry: unstructured.0c9f9d7 [197]
  Fields:
    air_horizontal_streamfunction: 2.3135675279016866e+01
Member 7: 
- Valid time: 2010-01-01T12:00:00Z
  Geometry: unstructured.0c9f9d7 [197]
  Fields:
    air_horizontal_streamfunction: 1.8316877431737566e+01
Member 8: 
- Valid time: 2010-01-01T12:00:00Z
  Geometry: unstructured.0c9f9d7 [197]
  Fields:
    air_horizontal_streamfunction: 2.1388389973854729e+01
Member 9: 
- Valid time: 2010-01-01T12:00:00Z
  Geometry: unstructured.0c9f9d7 [197]
  Fields:
    air_horizontal_streamfunction: 2.3885067122886653e+01
Member 10: 
- Valid time: 2010-01-01T12:00:00Z
  Geometry: unstructured.0c9f9d7 [197]
  Fields:
    air_horizontal_streamfunction: 1.7732773633366822e+01
Member 11: 
- Valid time: 2010-01-01T12:00:00Z
  Geometry: unstructured.0c9f9d7 [197]
  Fields:
    air_horizontal_streamfunction: 2.9306387355187503e+01
Member 12: 
- Valid time: 2010-01-01T12:00:00Z
  Geometry: unstructured.0c9f9d7 [197]
  Fields:
    air_horizontal_streamfunction: 1.7434254594480599e+01
Member 13: 
- Valid time: 2010-01-01T12:00:00Z
  Geometry: unstructured.0c9f9d7 [197]
  Fields:
    air_horizontal_streamfunction: 2.1568910136494953e+01
Member 14: 
- Valid time: 2010-01-01T12:00:00Z
  Geometry: unstructured.0c9f9d7 [197]
  Fields:
    air_horizontal_streamfunction: 1.9304995842753705e+01
Member 15: 
- Valid time: 2010-01-01T12:00:00Z
  Geometry: unstructured.0c9f9d7 [197]
  Fields:
    air_horizontal_streamfunction: 1.8429631016873905e+01
Member 16: 
- Valid time: 2010-01-01T12:00:00Z
  Geometry: unstructured.0c9f9d7 [197]
  Fields:
    air_horizontal_streamfunction: 1.8910326528178008e+01
Member 17: 
- Valid time: 2010-01-01T12:00:00Z
  Geometry: unstructured.0c9f9d7 [197]
  Fields:
    air_horizontal_streamfunction: 2.0679861585299317e+01
Member 18: 
- Valid time: 2010-01-01T12:00:00Z
  Geometry: unstructured.0c9f9d7 [197]
  Fields:
    air_horizontal_streamfunction: 1.9909521879653408e+01
Member 19: 
- Valid time: 2010-01-01T12:00:00Z
  Geometry: unstructured.0c9f9d7 [197]
  Fields:
    air_horizontal_streamfunction: 1.7110219306022739e+01
Member 20: 
- Valid time: 2010-01-01T12:00:00Z
  Geometry: unstructured.0c9f9d7 [197]
  Fields:
    air_horizontal_streamfunction: 1.9758139896660484e+01
Member 21: 
- Valid time: 2010-01-01T12:00:00Z
  Geometry: unstructured.0c9f9d7 [197]
  Fields:
    air_horizontal_streamfunction: 1.9396540665475612e+01
Member 22: 
- Valid time: 2010-01-01T12:00:00Z
  Geometry: unstructured.0c9f9d7 [197]
  Fields:
    air_horizontal_streamfunction: 1.5588256741348223e+01
Member 23: 
- Valid time: 2010-01-01T12:00:00Z
  Geometry: unstructured.0c9f9d7 [197]
  Fields:
    air_horizontal_streamfunction: 2.1901755953694796e+01
Member 24: 
- Valid time: 2010-01-01T12:00:00Z
  Geometry: unstructured.0c9f9d7 [197]
  Fields:
    air_horizontal_streamfunction: 1.9528995581539547e+01
