       Independent levels:  1[2]
          Subset Sc0 size:              173
          Min. / max. longitudes: -167.7 /   180.0
          Min. / max. latitudes:   -90.0 /    90.0
          Domain area (% of Earth area): 0.100E+03%
             Level   1 ~> 100.0%
             Level   2 ~> 100.0%
             Level   1 ~>  0.100E+01 vert. unit
             Level   2 ~>  0.200E+01 vert. unit
             Effective levels:   1   2 
                Horizontal support radius:    4000.00 km (   4000.00 km -    4000.00 km)
                Estimated nc1 from horizontal support radius:      589
                   Decimate full grid, at least      173 points required,     173 valid points found
                   Subgrid hash:   1239477474
                Final nc1:      173
                Effective horizontal resolution:  2.17
                Horizontal support radius:    4000.00 km (   4000.00 km -    4000.00 km)
                Estimated nc1 from horizontal support radius:      589
                   Decimate full grid, at least      173 points required,     173 valid points found
                   Subgrid hash:   1239477474
                Final nc1:      173
                Effective horizontal resolution:  2.17
             nc1(  1) =                        173
             nc1(  2) =                        173
             ns =                              346
             v%n_s =                             2
             c%n_s[global] =                  3248
Member 0: 
Valid time:2010-01-01T12:00:00Z
Quench geometry grid:
- name: unstructured.a3ac36d
- size: 173
Function space:
- type: PointCloud
- halo: 0
Groups: 
- Group 0:
  Vertical levels: 
  - number: 2
  - vunit: [1.0000000000000000e+00,2.0000000000000000e+00]
  Mask size: 100%
Fields:
  stream_function: 1.9207282113646119e+01
Member 1: 
Valid time:2010-01-01T12:00:00Z
Quench geometry grid:
- name: unstructured.a3ac36d
- size: 173
Function space:
- type: PointCloud
- halo: 0
Groups: 
- Group 0:
  Vertical levels: 
  - number: 2
  - vunit: [1.0000000000000000e+00,2.0000000000000000e+00]
  Mask size: 100%
Fields:
  stream_function: 1.7444750011054168e+01
Member 2: 
Valid time:2010-01-01T12:00:00Z
Quench geometry grid:
- name: unstructured.a3ac36d
- size: 173
Function space:
- type: PointCloud
- halo: 0
Groups: 
- Group 0:
  Vertical levels: 
  - number: 2
  - vunit: [1.0000000000000000e+00,2.0000000000000000e+00]
  Mask size: 100%
Fields:
  stream_function: 1.8665170908314661e+01
Member 3: 
Valid time:2010-01-01T12:00:00Z
Quench geometry grid:
- name: unstructured.a3ac36d
- size: 173
Function space:
- type: PointCloud
- halo: 0
Groups: 
- Group 0:
  Vertical levels: 
  - number: 2
  - vunit: [1.0000000000000000e+00,2.0000000000000000e+00]
  Mask size: 100%
Fields:
  stream_function: 1.8417691881947665e+01
Member 4: 
Valid time:2010-01-01T12:00:00Z
Quench geometry grid:
- name: unstructured.a3ac36d
- size: 173
Function space:
- type: PointCloud
- halo: 0
Groups: 
- Group 0:
  Vertical levels: 
  - number: 2
  - vunit: [1.0000000000000000e+00,2.0000000000000000e+00]
  Mask size: 100%
Fields:
  stream_function: 1.8737842643835922e+01
Member 5: 
Valid time:2010-01-01T12:00:00Z
Quench geometry grid:
- name: unstructured.a3ac36d
- size: 173
Function space:
- type: PointCloud
- halo: 0
Groups: 
- Group 0:
  Vertical levels: 
  - number: 2
  - vunit: [1.0000000000000000e+00,2.0000000000000000e+00]
  Mask size: 100%
Fields:
  stream_function: 1.9494512246933290e+01
Member 6: 
Valid time:2010-01-01T12:00:00Z
Quench geometry grid:
- name: unstructured.a3ac36d
- size: 173
Function space:
- type: PointCloud
- halo: 0
Groups: 
- Group 0:
  Vertical levels: 
  - number: 2
  - vunit: [1.0000000000000000e+00,2.0000000000000000e+00]
  Mask size: 100%
Fields:
  stream_function: 1.9142584148304856e+01
Member 7: 
Valid time:2010-01-01T12:00:00Z
Quench geometry grid:
- name: unstructured.a3ac36d
- size: 173
Function space:
- type: PointCloud
- halo: 0
Groups: 
- Group 0:
  Vertical levels: 
  - number: 2
  - vunit: [1.0000000000000000e+00,2.0000000000000000e+00]
  Mask size: 100%
Fields:
  stream_function: 1.8426400914763125e+01
Member 8: 
Valid time:2010-01-01T12:00:00Z
Quench geometry grid:
- name: unstructured.a3ac36d
- size: 173
Function space:
- type: PointCloud
- halo: 0
Groups: 
- Group 0:
  Vertical levels: 
  - number: 2
  - vunit: [1.0000000000000000e+00,2.0000000000000000e+00]
  Mask size: 100%
Fields:
  stream_function: 1.8555214545429752e+01
Member 9: 
Valid time:2010-01-01T12:00:00Z
Quench geometry grid:
- name: unstructured.a3ac36d
- size: 173
Function space:
- type: PointCloud
- halo: 0
Groups: 
- Group 0:
  Vertical levels: 
  - number: 2
  - vunit: [1.0000000000000000e+00,2.0000000000000000e+00]
  Mask size: 100%
Fields:
  stream_function: 1.8504592719084240e+01
Member 10: 
Valid time:2010-01-01T12:00:00Z
Quench geometry grid:
- name: unstructured.a3ac36d
- size: 173
Function space:
- type: PointCloud
- halo: 0
Groups: 
- Group 0:
  Vertical levels: 
  - number: 2
  - vunit: [1.0000000000000000e+00,2.0000000000000000e+00]
  Mask size: 100%
Fields:
  stream_function: 1.8842865804681526e+01
Member 11: 
Valid time:2010-01-01T12:00:00Z
Quench geometry grid:
- name: unstructured.a3ac36d
- size: 173
Function space:
- type: PointCloud
- halo: 0
Groups: 
- Group 0:
  Vertical levels: 
  - number: 2
  - vunit: [1.0000000000000000e+00,2.0000000000000000e+00]
  Mask size: 100%
Fields:
  stream_function: 1.8092399218849124e+01
Member 12: 
Valid time:2010-01-01T12:00:00Z
Quench geometry grid:
- name: unstructured.a3ac36d
- size: 173
Function space:
- type: PointCloud
- halo: 0
Groups: 
- Group 0:
  Vertical levels: 
  - number: 2
  - vunit: [1.0000000000000000e+00,2.0000000000000000e+00]
  Mask size: 100%
Fields:
  stream_function: 1.7704744027383978e+01
Member 13: 
Valid time:2010-01-01T12:00:00Z
Quench geometry grid:
- name: unstructured.a3ac36d
- size: 173
Function space:
- type: PointCloud
- halo: 0
Groups: 
- Group 0:
  Vertical levels: 
  - number: 2
  - vunit: [1.0000000000000000e+00,2.0000000000000000e+00]
  Mask size: 100%
Fields:
  stream_function: 1.9902036245396857e+01
Member 14: 
Valid time:2010-01-01T12:00:00Z
Quench geometry grid:
- name: unstructured.a3ac36d
- size: 173
Function space:
- type: PointCloud
- halo: 0
Groups: 
- Group 0:
  Vertical levels: 
  - number: 2
  - vunit: [1.0000000000000000e+00,2.0000000000000000e+00]
  Mask size: 100%
Fields:
  stream_function: 1.9041982454995622e+01
Member 15: 
Valid time:2010-01-01T12:00:00Z
Quench geometry grid:
- name: unstructured.a3ac36d
- size: 173
Function space:
- type: PointCloud
- halo: 0
Groups: 
- Group 0:
  Vertical levels: 
  - number: 2
  - vunit: [1.0000000000000000e+00,2.0000000000000000e+00]
  Mask size: 100%
Fields:
  stream_function: 1.8442568099003417e+01
Member 16: 
Valid time:2010-01-01T12:00:00Z
Quench geometry grid:
- name: unstructured.a3ac36d
- size: 173
Function space:
- type: PointCloud
- halo: 0
Groups: 
- Group 0:
  Vertical levels: 
  - number: 2
  - vunit: [1.0000000000000000e+00,2.0000000000000000e+00]
  Mask size: 100%
Fields:
  stream_function: 1.7369077053569182e+01
Member 17: 
Valid time:2010-01-01T12:00:00Z
Quench geometry grid:
- name: unstructured.a3ac36d
- size: 173
Function space:
- type: PointCloud
- halo: 0
Groups: 
- Group 0:
  Vertical levels: 
  - number: 2
  - vunit: [1.0000000000000000e+00,2.0000000000000000e+00]
  Mask size: 100%
Fields:
  stream_function: 1.8388684944002925e+01
Member 18: 
Valid time:2010-01-01T12:00:00Z
Quench geometry grid:
- name: unstructured.a3ac36d
- size: 173
Function space:
- type: PointCloud
- halo: 0
Groups: 
- Group 0:
  Vertical levels: 
  - number: 2
  - vunit: [1.0000000000000000e+00,2.0000000000000000e+00]
  Mask size: 100%
Fields:
  stream_function: 1.5980003879923233e+01
Member 19: 
Valid time:2010-01-01T12:00:00Z
Quench geometry grid:
- name: unstructured.a3ac36d
- size: 173
Function space:
- type: PointCloud
- halo: 0
Groups: 
- Group 0:
  Vertical levels: 
  - number: 2
  - vunit: [1.0000000000000000e+00,2.0000000000000000e+00]
  Mask size: 100%
Fields:
  stream_function: 1.8443230682601513e+01
Member 20: 
Valid time:2010-01-01T12:00:00Z
Quench geometry grid:
- name: unstructured.a3ac36d
- size: 173
Function space:
- type: PointCloud
- halo: 0
Groups: 
- Group 0:
  Vertical levels: 
  - number: 2
  - vunit: [1.0000000000000000e+00,2.0000000000000000e+00]
  Mask size: 100%
Fields:
  stream_function: 1.8975996743672088e+01
Member 21: 
Valid time:2010-01-01T12:00:00Z
Quench geometry grid:
- name: unstructured.a3ac36d
- size: 173
Function space:
- type: PointCloud
- halo: 0
Groups: 
- Group 0:
  Vertical levels: 
  - number: 2
  - vunit: [1.0000000000000000e+00,2.0000000000000000e+00]
  Mask size: 100%
Fields:
  stream_function: 1.8439283628255989e+01
Member 22: 
Valid time:2010-01-01T12:00:00Z
Quench geometry grid:
- name: unstructured.a3ac36d
- size: 173
Function space:
- type: PointCloud
- halo: 0
Groups: 
- Group 0:
  Vertical levels: 
  - number: 2
  - vunit: [1.0000000000000000e+00,2.0000000000000000e+00]
  Mask size: 100%
Fields:
  stream_function: 1.7839642194368341e+01
Member 23: 
Valid time:2010-01-01T12:00:00Z
Quench geometry grid:
- name: unstructured.a3ac36d
- size: 173
Function space:
- type: PointCloud
- halo: 0
Groups: 
- Group 0:
  Vertical levels: 
  - number: 2
  - vunit: [1.0000000000000000e+00,2.0000000000000000e+00]
  Mask size: 100%
Fields:
  stream_function: 1.7629168965575374e+01
Member 24: 
Valid time:2010-01-01T12:00:00Z
Quench geometry grid:
- name: unstructured.a3ac36d
- size: 173
Function space:
- type: PointCloud
- halo: 0
Groups: 
- Group 0:
  Vertical levels: 
  - number: 2
  - vunit: [1.0000000000000000e+00,2.0000000000000000e+00]
  Mask size: 100%
Fields:
  stream_function: 1.7294624325735246e+01
